 SCARA_Control_System_cgxe

 Timestamp is 6585dd88 (Fri Dec 22 21:03:36 2023)

 Preferred load address is 0000000180000000

 Start         Length     Name                   Class
 0001:00000000 0002ddf0H .text$mn                CODE
 0001:0002ddf0 00000040H .text$mn$00             CODE
 0001:0002de30 0000073eH .text$x                 CODE
 0002:00000000 00000498H .idata$5                DATA
 0002:00000498 00000038H .00cfg                  DATA
 0002:000004d0 00000008H .CRT$XCA                DATA
 0002:000004d8 00000008H .CRT$XCZ                DATA
 0002:000004e0 00000008H .CRT$XIA                DATA
 0002:000004e8 00000008H .CRT$XIZ                DATA
 0002:000004f0 00000008H .CRT$XPA                DATA
 0002:000004f8 00000008H .CRT$XPZ                DATA
 0002:00000500 00000008H .CRT$XTA                DATA
 0002:00000508 00000008H .CRT$XTZ                DATA
 0002:00000510 00000000H .gehcont$y              DATA
 0002:00000510 00000000H .gfids$y                DATA
 0002:00000510 00000570H .rdata                  DATA
 0002:00000a80 00000080H .rdata$CastGuardVftablesA DATA
 0002:00000b00 00000080H .rdata$CastGuardVftablesC DATA
 0002:00000b80 0000026cH .rdata$r                DATA
 0002:00000dec 000002bcH .rdata$voltmd           DATA
 0002:000010a8 000002c8H .rdata$zzzdbg           DATA
 0002:00001370 00000008H .rtc$IAA                DATA
 0002:00001378 00000008H .rtc$IZZ                DATA
 0002:00001380 00000008H .rtc$TAA                DATA
 0002:00001388 00000008H .rtc$TZZ                DATA
 0002:00001390 00001ed8H .xdata                  DATA
 0002:00003268 000000f8H .xdata$x                DATA
 0002:00003360 000002c8H .edata                  DATA
 0002:00003628 00000140H .idata$2                DATA
 0002:00003768 00000018H .idata$3                DATA
 0002:00003780 00000498H .idata$4                DATA
 0002:00003c18 00000e8aH .idata$6                DATA
 0003:00000000 00007ad8H .data                   DATA
 0003:00007ad8 00000080H .data$r                 DATA
 0003:00007b58 00000058H .data$rs                DATA
 0003:00007bb0 00000650H .bss                    DATA
 0004:00000000 000020b8H .pdata                  DATA

  Address         Publics by Value              Rva+Base               Lib:Object

 0000:00000000       __AbsoluteZero             0000000000000000     <absolute>
 0000:00000000       ___safe_se_handler_count   0000000000000000     <absolute>
 0000:00000000       ___safe_se_handler_table   0000000000000000     <absolute>
 0000:00000000       __arm64x_extra_rfe_table   0000000000000000     <absolute>
 0000:00000000       __arm64x_extra_rfe_table_size 0000000000000000     <absolute>
 0000:00000000       __arm64x_native_entrypoint 0000000000000000     <absolute>
 0000:00000000       __arm64x_redirection_metadata 0000000000000000     <absolute>
 0000:00000000       __arm64x_redirection_metadata_count 0000000000000000     <absolute>
 0000:00000000       __dynamic_value_reloc_table 0000000000000000     <absolute>
 0000:00000000       __enclave_config           0000000000000000     <absolute>
 0000:00000000       __guard_check_icall_a64n_fptr 0000000000000000     <absolute>
 0000:00000000       __guard_eh_cont_count      0000000000000000     <absolute>
 0000:00000000       __guard_eh_cont_table      0000000000000000     <absolute>
 0000:00000000       __guard_fids_count         0000000000000000     <absolute>
 0000:00000000       __guard_fids_table         0000000000000000     <absolute>
 0000:00000000       __guard_iat_count          0000000000000000     <absolute>
 0000:00000000       __guard_iat_table          0000000000000000     <absolute>
 0000:00000000       __guard_longjmp_count      0000000000000000     <absolute>
 0000:00000000       __guard_longjmp_table      0000000000000000     <absolute>
 0000:00000000       __hybrid_auxiliary_delayload_iat 0000000000000000     <absolute>
 0000:00000000       __hybrid_auxiliary_delayload_iat_copy 0000000000000000     <absolute>
 0000:00000000       __hybrid_auxiliary_iat     0000000000000000     <absolute>
 0000:00000000       __hybrid_auxiliary_iat_copy 0000000000000000     <absolute>
 0000:00000000       __hybrid_code_map          0000000000000000     <absolute>
 0000:00000000       __hybrid_code_map_count    0000000000000000     <absolute>
 0000:00000000       __hybrid_image_info_bitfield 0000000000000000     <absolute>
 0000:00000000       __x64_code_ranges_to_entry_points 0000000000000000     <absolute>
 0000:00000000       __x64_code_ranges_to_entry_points_count 0000000000000000     <absolute>
 0000:00000100       __guard_flags              0000000000000100     <absolute>
 0000:00000000       __ImageBase                0000000180000000     <linker-defined>
 0001:00000000       mexfilerequiredapiversion  0000000180001000 f   c_mexapi_version.obj
 0001:00000030       cgxe_SCARA_Control_System_method_dispatcher 0000000180001030 f   SCARA_Control_System_cgxe.obj
 0001:000000d0       method_dispatcher_nM5NMYJUCkhQa81HtyaWRC 00000001800010d0 f   m_nM5NMYJUCkhQa81HtyaWRC.obj
 0001:0000def0       cgxe_nM5NMYJUCkhQa81HtyaWRC_BuildInfoUpdate 000000018000eef0 f   m_nM5NMYJUCkhQa81HtyaWRC.obj
 0001:0000e260       cgxe_nM5NMYJUCkhQa81HtyaWRC_fallback_info 000000018000f260 f   m_nM5NMYJUCkhQa81HtyaWRC.obj
 0001:0000e300       mexFunction                000000018000f300 f   SCARA_Control_System_cgxe_registry.obj
 0001:00010170       _ssSetInputPortDirectFeedThroughFcn 0000000180011170 f   SCARA_Control_System_cgxe_registry.obj
 0001:000102e0       _ssSetRWorkValueFcn        00000001800112e0 f   SCARA_Control_System_cgxe_registry.obj
 0001:00010360       _ssGetRWorkValueFcn        0000000180011360 f   SCARA_Control_System_cgxe_registry.obj
 0001:000103d0       _ssSetIWorkValueFcn        00000001800113d0 f   SCARA_Control_System_cgxe_registry.obj
 0001:00010450       _ssGetIWorkValueFcn        0000000180011450 f   SCARA_Control_System_cgxe_registry.obj
 0001:000104c0       _ssSetPWorkValueFcn        00000001800114c0 f   SCARA_Control_System_cgxe_registry.obj
 0001:00010540       _ssGetPWorkValueFcn        0000000180011540 f   SCARA_Control_System_cgxe_registry.obj
 0001:000105b0       _ssGetInputPortSignalFcn   00000001800115b0 f   SCARA_Control_System_cgxe_registry.obj
 0001:00010940       _ssGetInputPortBufferDstPortFcn 0000000180011940 f   SCARA_Control_System_cgxe_registry.obj
 0001:000109c0       _ssGetInputPortSignalPtrsFcn 00000001800119c0 f   SCARA_Control_System_cgxe_registry.obj
 0001:00010d50       ssGetParameterTuningCompliance 0000000180011d50 f   SCARA_Control_System_cgxe_registry.obj
 0001:00010dc0       _ssReadInputStringFcn      0000000180011dc0 f   SCARA_Control_System_cgxe_registry.obj
 0001:00010e30       ssGetDTypeIdFromMxArray    0000000180011e30 f   SCARA_Control_System_cgxe_registry.obj
 0001:00010f50       ssWriteRTWMx2dMatParam     0000000180011f50 f   SCARA_Control_System_cgxe_registry.obj
 0001:00010fe0       ssWriteRTWMxVectParam      0000000180011fe0 f   SCARA_Control_System_cgxe_registry.obj
 0001:00011060       ssWriteRTWParameters       0000000180012060 f   SCARA_Control_System_cgxe_registry.obj
 0001:00011620       ssWriteRTWParamSettings    0000000180012620 f   SCARA_Control_System_cgxe_registry.obj
 0001:00011d10       ssWriteRTWStr              0000000180012d10 f   SCARA_Control_System_cgxe_registry.obj
 0001:00011d70       ssWriteRTWWorkVect         0000000180012d70 f   SCARA_Control_System_cgxe_registry.obj
 0001:000122d0       ssWarning                  00000001800132d0 f   SCARA_Control_System_cgxe_registry.obj
 0001:000123c0       ssGetRootSS                00000001800133c0 f   SCARA_Control_System_cgxe_registry.obj
 0001:00012480       ssGetParentSS              0000000180013480 f   SCARA_Control_System_cgxe_registry.obj
 0001:00012540       ssWriteRTWNameValuePair    0000000180013540 f   SCARA_Control_System_cgxe_registry.obj
 0001:00012a40       _ssSetInputPortMatrixDimensions 0000000180013a40 f   SCARA_Control_System_cgxe_registry.obj
 0001:00012b90       _ssSetOutputPortMatrixDimensions 0000000180013b90 f   SCARA_Control_System_cgxe_registry.obj
 0001:00012ce0       _ssSetInputPortVectorDimension 0000000180013ce0 f   SCARA_Control_System_cgxe_registry.obj
 0001:00012d90       _ssSetOutputPortVectorDimension 0000000180013d90 f   SCARA_Control_System_cgxe_registry.obj
 0001:00012e40       ssIsRunTimeParamTunable    0000000180013e40 f   SCARA_Control_System_cgxe_registry.obj
 0001:00012eb0       ssGetSFuncBlockHandle      0000000180013eb0 f   SCARA_Control_System_cgxe_registry.obj
 0001:00012f20       _ssGetCallSystemNumFcnCallDestinations 0000000180013f20 f   SCARA_Control_System_cgxe_registry.obj
 0001:00012f90       _ssGetCurrentInputPortWidth 0000000180013f90 f   SCARA_Control_System_cgxe_registry.obj
 0001:000130d0       _ssGetCurrentOutputPortWidth 00000001800140d0 f   SCARA_Control_System_cgxe_registry.obj
 0001:00013210       ssGetIsZeroCrossControlDisabled 0000000180014210 f   SCARA_Control_System_cgxe_registry.obj
 0001:00013280       ssSetIsInputPortUsedForContZcSignal 0000000180014280 f   SCARA_Control_System_cgxe_registry.obj
 0001:000132f0       ssSetZcSignalIsZcElementDisc 00000001800142f0 f   SCARA_Control_System_cgxe_registry.obj
 0001:000133a0       ssSetZcSignalName          00000001800143a0 f   SCARA_Control_System_cgxe_registry.obj
 0001:00013410       ssSetZcSignalWidth         0000000180014410 f   SCARA_Control_System_cgxe_registry.obj
 0001:00013480       ssSetZcSignalZcEventType   0000000180014480 f   SCARA_Control_System_cgxe_registry.obj
 0001:000134f0       ssSetZcSignalType          00000001800144f0 f   SCARA_Control_System_cgxe_registry.obj
 0001:00013560       ssSetZcSignalZcTol         0000000180014560 f   SCARA_Control_System_cgxe_registry.obj
 0001:000135d0       ssSetZcSignalNeedsEventNotification 00000001800145d0 f   SCARA_Control_System_cgxe_registry.obj
 0001:00013640       ssCreateAndAddZcSignalInfo 0000000180014640 f   SCARA_Control_System_cgxe_registry.obj
 0001:000136b0       ssCloneAndAddZcSignalInfo  00000001800146b0 f   SCARA_Control_System_cgxe_registry.obj
 0001:00013720       ssGetNumZcSignals          0000000180014720 f   SCARA_Control_System_cgxe_registry.obj
 0001:00013790       ssGetZcSignalVector        0000000180014790 f   SCARA_Control_System_cgxe_registry.obj
 0001:00013800       ssGetZcSignalName          0000000180014800 f   SCARA_Control_System_cgxe_registry.obj
 0001:00013870       ssGetZcSignalWidth         0000000180014870 f   SCARA_Control_System_cgxe_registry.obj
 0001:000138e0       ssGetZcSignalZcEventType   00000001800148e0 f   SCARA_Control_System_cgxe_registry.obj
 0001:00013950       ssGetZcSignalZcEvents      0000000180014950 f   SCARA_Control_System_cgxe_registry.obj
 0001:000139c0       ssGetZcSignalType          00000001800149c0 f   SCARA_Control_System_cgxe_registry.obj
 0001:00013a30       ssGetZcSignalZcTol         0000000180014a30 f   SCARA_Control_System_cgxe_registry.obj
 0001:00013ab0       ssGetZcSignalNeedsEventNotification 0000000180014ab0 f   SCARA_Control_System_cgxe_registry.obj
 0001:00013b20       ssGetZcSignalIsZcElementDisc 0000000180014b20 f   SCARA_Control_System_cgxe_registry.obj
 0001:00013bc0       ssGetIsInputPortElementContinuous 0000000180014bc0 f   SCARA_Control_System_cgxe_registry.obj
 0001:00013c60       _ssGetAbsTol               0000000180014c60 f   SCARA_Control_System_cgxe_registry.obj
 0001:00013cd0       _ssSetStateAbsTol          0000000180014cd0 f   SCARA_Control_System_cgxe_registry.obj
 0001:00013db0       _ssSetInputPortReusableFcn 0000000180014db0 f   SCARA_Control_System_cgxe_registry.obj
 0001:00013eb0       _ssSetOutputPortReusableFcn 0000000180014eb0 f   SCARA_Control_System_cgxe_registry.obj
 0001:00013fb0       _ssSetSymbolicDimsSupport  0000000180014fb0 f   SCARA_Control_System_cgxe_registry.obj
 0001:00014020       _ssRegisterSymbolicDimsExpr 0000000180015020 f   SCARA_Control_System_cgxe_registry.obj
 0001:000140a0       _ssRegisterSymbolicDimsMATLABExpr 00000001800150a0 f   SCARA_Control_System_cgxe_registry.obj
 0001:00014130       _ssRegisterSymbolicDims    0000000180015130 f   SCARA_Control_System_cgxe_registry.obj
 0001:000141d0       _ssRegisterSymbolicDimsString 00000001800151d0 f   SCARA_Control_System_cgxe_registry.obj
 0001:00014250       _ssRegisterSymbolicDimsIntValue 0000000180015250 f   SCARA_Control_System_cgxe_registry.obj
 0001:000142c0       _ssRegisterSymbolicEqualRelation 00000001800152c0 f   SCARA_Control_System_cgxe_registry.obj
 0001:00014330       _ssRegisterSymbolicEqualValue 0000000180015330 f   SCARA_Control_System_cgxe_registry.obj
 0001:000143a0       _ssAmendLeadingSymbolicDims 00000001800153a0 f   SCARA_Control_System_cgxe_registry.obj
 0001:00014420       _ssAmendTrailingSymbolicDims 0000000180015420 f   SCARA_Control_System_cgxe_registry.obj
 0001:000144a0       _ssRegisterSymbolicDimsPlus 00000001800154a0 f   SCARA_Control_System_cgxe_registry.obj
 0001:00014520       _ssRegisterSymbolicDimsMinus 0000000180015520 f   SCARA_Control_System_cgxe_registry.obj
 0001:000145a0       _ssRegisterSymbolicDimsMultiply 00000001800155a0 f   SCARA_Control_System_cgxe_registry.obj
 0001:00014620       _ssRegisterSymbolicDimsDivide 0000000180015620 f   SCARA_Control_System_cgxe_registry.obj
 0001:000146a0       _ssGetNumSymbolicDims      00000001800156a0 f   SCARA_Control_System_cgxe_registry.obj
 0001:00014710       _ssGetSymbolicDim          0000000180015710 f   SCARA_Control_System_cgxe_registry.obj
 0001:00014790       _ssSetInputPortSymbolicDimsId 0000000180015790 f   SCARA_Control_System_cgxe_registry.obj
 0001:00014800       _ssGetCompInputPortSymbolicDimsId 0000000180015800 f   SCARA_Control_System_cgxe_registry.obj
 0001:00014870       _ssSetCompInputPortSymbolicDimsId 0000000180015870 f   SCARA_Control_System_cgxe_registry.obj
 0001:000148e0       _ssSetOutputPortSymbolicDimsId 00000001800158e0 f   SCARA_Control_System_cgxe_registry.obj
 0001:00014950       _ssGetCompOutputPortSymbolicDimsId 0000000180015950 f   SCARA_Control_System_cgxe_registry.obj
 0001:000149c0       _ssSetCompOutputPortSymbolicDimsId 00000001800159c0 f   SCARA_Control_System_cgxe_registry.obj
 0001:00014a30       _ssGetDWorkSymbolicDimsId  0000000180015a30 f   SCARA_Control_System_cgxe_registry.obj
 0001:00014aa0       _ssSetDWorkSymbolicDimsId  0000000180015aa0 f   SCARA_Control_System_cgxe_registry.obj
 0001:00014b10       _ssGetCompDWorkSymbolicDimsId 0000000180015b10 f   SCARA_Control_System_cgxe_registry.obj
 0001:00014b80       _ssSetCompDWorkSymbolicDimsId 0000000180015b80 f   SCARA_Control_System_cgxe_registry.obj
 0001:00014bf0       _ssCreateSLCGStringBuffer  0000000180015bf0 f   SCARA_Control_System_cgxe_registry.obj
 0001:00014c60       _ssAddToSLCGStringBuffer   0000000180015c60 f   SCARA_Control_System_cgxe_registry.obj
 0001:00014cd0       _ssGetPointerContainedData 0000000180015cd0 f   SCARA_Control_System_cgxe_registry.obj
 0001:00014d60       _ssGetPointerContainedDataWidth 0000000180015d60 f   SCARA_Control_System_cgxe_registry.obj
 0001:00014df0       _ssRegisterDynamicArrayDataTypeFcn 0000000180015df0 f   SCARA_Control_System_cgxe_registry.obj
 0001:00014e90       _ssGetDynamicArrayContainedDataCurrentWidthFcn 0000000180015e90 f   SCARA_Control_System_cgxe_registry.obj
 0001:00014f60       _ssGetDynamicArrayContainedDataFcn 0000000180015f60 f   SCARA_Control_System_cgxe_registry.obj
 0001:00015030       _ssGetInputPortDynamicArrayDataFcn 0000000180016030 f   SCARA_Control_System_cgxe_registry.obj
 0001:000150f0       _ssGetOutputPortDynamicArrayDataFcn 00000001800160f0 f   SCARA_Control_System_cgxe_registry.obj
 0001:000151b0       _ssGetInputPortDynamicArrayContainedDataFcn 00000001800161b0 f   SCARA_Control_System_cgxe_registry.obj
 0001:00015270       _ssGetOutputPortDynamicArrayContainedDataFcn 0000000180016270 f   SCARA_Control_System_cgxe_registry.obj
 0001:00015330       _ssGetDynamicArrayDWorkContainedDataFcn 0000000180016330 f   SCARA_Control_System_cgxe_registry.obj
 0001:00016e20       __local_stdio_printf_options 0000000180017e20 f i SCARA_Control_System_cgxe_registry.obj
 0001:00016e30       _vsnprintf_l               0000000180017e30 f i SCARA_Control_System_cgxe_registry.obj
 0001:00016eb0       _vsprintf_l                0000000180017eb0 f i SCARA_Control_System_cgxe_registry.obj
 0001:00016f00       sprintf                    0000000180017f00 f i SCARA_Control_System_cgxe_registry.obj
 0001:000178f0       ccdFirstDirDefault         00000001800188f0 f   ccd_ccd.obj
 0001:00017930       __ccdSupport               0000000180018930 f   ccd_ccd.obj
 0001:00017a10       ccdGJKIntersect            0000000180018a10 f   ccd_ccd.obj
 0001:00017aa0       __ccdGJK                   0000000180018aa0 f   ccd_ccd.obj
 0001:00017c60       ccdGJKSeparate             0000000180018c60 f   ccd_ccd.obj
 0001:00017d00       ccdGJKPenetration          0000000180018d00 f   ccd_ccd.obj
 0001:0001c210       ccdMPRIntersect            000000018001d210 f   ccd_mpr.obj
 0001:0001c2e0       ccdMPRPenetration          000000018001d2e0 f   ccd_mpr.obj
 0001:0001dde0       ccdPtInit                  000000018001ede0 f   ccd_polytope.obj
 0001:0001de50       ccdPtDestroy               000000018001ee50 f   ccd_polytope.obj
 0001:0001dfa0       ccdPtAddVertex             000000018001efa0 f   ccd_polytope.obj
 0001:0001e070       ccdPtAddEdge               000000018001f070 f   ccd_polytope.obj
 0001:0001e230       ccdPtAddFace               000000018001f230 f   ccd_polytope.obj
 0001:0001e710       ccdPtRecomputeDistances    000000018001f710 f   ccd_polytope.obj
 0001:0001ea00       ccdPtNearest               000000018001fa00 f   ccd_polytope.obj
 0001:0001ea40       ccdPtDumpSVT               000000018001fa40 f   ccd_polytope.obj
 0001:0001eaa0       ccdPtDumpSVT2              000000018001faa0 f   ccd_polytope.obj
 0001:0001ef90       _vfprintf_l                000000018001ff90 f i ccd_polytope.obj
 0001:0001efe0       fprintf                    000000018001ffe0 f i ccd_polytope.obj
 0001:0001f520       ccdVec3PointSegmentDist2   0000000180020520 f   ccd_vec3.obj
 0001:0001f560       ccdVec3PointTriDist2       0000000180020560 f   ccd_vec3.obj
 0001:00020490       ??RCollisionGeometryDeleter@shared_robotics@@QEAAXPEAVCollisionGeometry@1@@Z 0000000180021490 f   collisioncodegen_CollisionGeometry.obj
 0001:000204e0       ??1CollisionGeometry@shared_robotics@@UEAA@XZ 00000001800214e0 f   collisioncodegen_CollisionGeometry.obj
 0001:00020540       ?support@CollisionGeometry@shared_robotics@@QEBAXPEBU_ccd_vec3_t@@PEAU3@@Z 0000000180021540 f   collisioncodegen_CollisionGeometry.obj
 0001:00021090       ?constructConnectionList@CollisionGeometry@shared_robotics@@IEAAXXZ 0000000180022090 f   collisioncodegen_CollisionGeometry.obj
 0001:00021610       ??$?0$$V@?$_Compressed_pair@V?$allocator@N@std@@V?$_Vector_val@U?$_Simple_types@N@std@@@2@$00@std@@QEAA@U_Zero_then_variadic_args_t@1@@Z 0000000180022610 f i collisioncodegen_CollisionGeometry.obj
 0001:00021640       ??$?0$$V@?$_Compressed_pair@V?$allocator@_K@std@@V?$_Vector_val@U?$_Simple_types@_K@std@@@2@$00@std@@QEAA@U_Zero_then_variadic_args_t@1@@Z 0000000180022640 f i collisioncodegen_CollisionGeometry.obj
 0001:00021670       ??$?0AEAPEA_KAEAPEA_K$0A@@?$pair@PEA_KPEA_K@std@@QEAA@AEAPEA_K0@Z 0000000180022670 f i collisioncodegen_CollisionGeometry.obj
 0001:000216c0       ??$?0V?$allocator@_K@std@@PEA_KPEA_KPEA_K@?$_Compressed_pair@V?$allocator@_K@std@@V?$_Vector_val@U?$_Simple_types@_K@std@@@2@$00@std@@QEAA@U_One_then_variadic_args_t@1@$$QEAV?$allocator@_K@1@$$QEAPEA_K22@Z 00000001800226c0 f i collisioncodegen_CollisionGeometry.obj
 0001:00021730       ??$?6U?$char_traits@D@std@@@std@@YAAEAV?$basic_ostream@DU?$char_traits@D@std@@@0@AEAV10@PEBD@Z 0000000180022730 f i collisioncodegen_CollisionGeometry.obj
 0001:00021ac0       ??$?RAEANAEAN@?$less@X@std@@QEBA_NAEAN0@Z 0000000180022ac0 f i collisioncodegen_CollisionGeometry.obj
 0001:00021b00       ??$?RAEA_KAEA_K@?$equal_to@X@std@@QEBA_NAEA_K0@Z 0000000180022b00 f i collisioncodegen_CollisionGeometry.obj
 0001:00021b40       ??$?RAEA_KAEA_K@?$less@X@std@@QEBA_NAEA_K0@Z 0000000180022b40 f i collisioncodegen_CollisionGeometry.obj
 0001:00021b80       ??$_Adl_verify_range@V?$_Vector_iterator@V?$_Vector_val@U?$_Simple_types@N@std@@@std@@@std@@V12@@std@@YAXAEBV?$_Vector_iterator@V?$_Vector_val@U?$_Simple_types@N@std@@@std@@@0@0@Z 0000000180022b80 f i collisioncodegen_CollisionGeometry.obj
 0001:00021b90       ??$_Adl_verify_range@V?$_Vector_iterator@V?$_Vector_val@U?$_Simple_types@_K@std@@@std@@@std@@V12@@std@@YAXAEBV?$_Vector_iterator@V?$_Vector_val@U?$_Simple_types@_K@std@@@std@@@0@0@Z 0000000180022b90 f i collisioncodegen_CollisionGeometry.obj
 0001:00021ba0       ??$_Allocate@$0BA@U_Default_allocate_traits@std@@$0A@@std@@YAPEAX_K@Z 0000000180022ba0 f i collisioncodegen_CollisionGeometry.obj
 0001:00021be0       ??$_Allocate_manually_vector_aligned@U_Default_allocate_traits@std@@@std@@YAPEAX_K@Z 0000000180022be0 f i collisioncodegen_CollisionGeometry.obj
 0001:00021c70       ??$_Construct_in_place@NN@std@@YAXAEAN$$QEAN@Z 0000000180022c70 f i collisioncodegen_CollisionGeometry.obj
 0001:00021cc0       ??$_Construct_in_place@_KAEB_K@std@@YAXAEA_KAEB_K@Z 0000000180022cc0 f i collisioncodegen_CollisionGeometry.obj
 0001:00021d10       ??$_Copy_backward_memmove@PEA_KPEA_K@std@@YAPEA_KPEA_K00@Z 0000000180022d10 f i collisioncodegen_CollisionGeometry.obj
 0001:00021dc0       ??$_Copy_memmove@PEANPEAN@std@@YAPEANPEAN00@Z 0000000180022dc0 f i collisioncodegen_CollisionGeometry.obj
 0001:00021e60       ??$_Copy_memmove@PEA_KPEA_K@std@@YAPEA_KPEA_K00@Z 0000000180022e60 f i collisioncodegen_CollisionGeometry.obj
 0001:00021f00       ??$_Deallocate@$0BA@$0A@@std@@YAXPEAX_K@Z 0000000180022f00 f i collisioncodegen_CollisionGeometry.obj
 0001:00021f40       ??$_Destroy_range@V?$allocator@N@std@@@std@@YAXPEANQEANAEAV?$allocator@N@0@@Z 0000000180022f40 f i collisioncodegen_CollisionGeometry.obj
 0001:00021f50       ??$_Destroy_range@V?$allocator@U_ccd_vec3_t@@@std@@@std@@YAXPEAU_ccd_vec3_t@@QEAU1@AEAV?$allocator@U_ccd_vec3_t@@@0@@Z 0000000180022f50 f i collisioncodegen_CollisionGeometry.obj
 0001:00021f60       ??$_Destroy_range@V?$allocator@U_idx_vec3_t@shared_robotics@@@std@@@std@@YAXPEAU_idx_vec3_t@shared_robotics@@QEAU12@AEAV?$allocator@U_idx_vec3_t@shared_robotics@@@0@@Z 0000000180022f60 f i collisioncodegen_CollisionGeometry.obj
 0001:00021f70       ??$_Destroy_range@V?$allocator@V?$vector@_KV?$allocator@_K@std@@@std@@@std@@@std@@YAXPEAV?$vector@_KV?$allocator@_K@std@@@0@QEAV10@AEAV?$allocator@V?$vector@_KV?$allocator@_K@std@@@std@@@0@@Z 0000000180022f70 f i collisioncodegen_CollisionGeometry.obj
 0001:00021fc0       ??$_Destroy_range@V?$allocator@_K@std@@@std@@YAXPEA_KQEA_KAEAV?$allocator@_K@0@@Z 0000000180022fc0 f i collisioncodegen_CollisionGeometry.obj
 0001:00021fd0       ??$_Emplace_back@$$V@?$_Uninitialized_backout_al@V?$allocator@V?$vector@_KV?$allocator@_K@std@@@std@@@std@@@std@@QEAAXXZ 0000000180022fd0 f i collisioncodegen_CollisionGeometry.obj
 0001:00022020       ??$_Emplace_back@$$V@?$_Uninitialized_backout_al@V?$allocator@_K@std@@@std@@QEAAXXZ 0000000180023020 f i collisioncodegen_CollisionGeometry.obj
 0001:00022070       ??$_Emplace_back@N@?$_Uninitialized_backout_al@V?$allocator@N@std@@@std@@QEAAX$$QEAN@Z 0000000180023070 f i collisioncodegen_CollisionGeometry.obj
 0001:000220d0       ??$_Emplace_back@V?$vector@_KV?$allocator@_K@std@@@std@@@?$_Uninitialized_backout_al@V?$allocator@V?$vector@_KV?$allocator@_K@std@@@std@@@std@@@std@@QEAAX$$QEAV?$vector@_KV?$allocator@_K@std@@@1@@Z 00000001800230d0 f i collisioncodegen_CollisionGeometry.obj
 0001:00022130       ??$_Emplace_back@_K@?$_Uninitialized_backout_al@V?$allocator@_K@std@@@std@@QEAAX$$QEA_K@Z 0000000180023130 f i collisioncodegen_CollisionGeometry.obj
 0001:00022190       ??$_Emplace_back_with_unused_capacity@AEB_K@?$vector@_KV?$allocator@_K@std@@@std@@AEAAAEA_KAEB_K@Z 0000000180023190 f i collisioncodegen_CollisionGeometry.obj
 0001:00022220       ??$_Emplace_back_with_unused_capacity@N@?$vector@NV?$allocator@N@std@@@std@@AEAAAEAN$$QEAN@Z 0000000180023220 f i collisioncodegen_CollisionGeometry.obj
 0001:000222b0       ??$_Emplace_one_at_back@AEB_K@?$vector@_KV?$allocator@_K@std@@@std@@AEAAAEA_KAEB_K@Z 00000001800232b0 f i collisioncodegen_CollisionGeometry.obj
 0001:00022330       ??$_Emplace_one_at_back@N@?$vector@NV?$allocator@N@std@@@std@@AEAAAEAN$$QEAN@Z 0000000180023330 f i collisioncodegen_CollisionGeometry.obj
 0001:000223b0       ??$_Emplace_reallocate@AEB_K@?$vector@_KV?$allocator@_K@std@@@std@@AEAAPEA_KQEA_KAEB_K@Z 00000001800233b0 f i collisioncodegen_CollisionGeometry.obj
 0001:000225c0       ??$_Emplace_reallocate@N@?$vector@NV?$allocator@N@std@@@std@@AEAAPEANQEAN$$QEAN@Z 00000001800235c0 f i collisioncodegen_CollisionGeometry.obj
 0001:000227d0       ??$_Get_size_of_n@$07@std@@YA_K_K@Z 00000001800237d0 f i collisioncodegen_CollisionGeometry.obj
 0001:00022820       ??$_Get_size_of_n@$0BI@@std@@YA_K_K@Z 0000000180023820 f i collisioncodegen_CollisionGeometry.obj
 0001:00022860       ??$_Get_unwrapped@AEAV?$_Vector_iterator@V?$_Vector_val@U?$_Simple_types@N@std@@@std@@@std@@@std@@YA?A_TAEAV?$_Vector_iterator@V?$_Vector_val@U?$_Simple_types@N@std@@@std@@@0@@Z 0000000180023860 f i collisioncodegen_CollisionGeometry.obj
 0001:00022880       ??$_Get_unwrapped@AEAV?$_Vector_iterator@V?$_Vector_val@U?$_Simple_types@_K@std@@@std@@@std@@@std@@YA?A_TAEAV?$_Vector_iterator@V?$_Vector_val@U?$_Simple_types@_K@std@@@std@@@0@@Z 0000000180023880 f i collisioncodegen_CollisionGeometry.obj
 0001:000228a0       ??$_Get_unwrapped@AEBQEAN@std@@YA?A_TAEBQEAN@Z 00000001800238a0 f i collisioncodegen_CollisionGeometry.obj
 0001:000228b0       ??$_Get_unwrapped@AEBQEAV?$vector@_KV?$allocator@_K@std@@@std@@@std@@YA?A_TAEBQEAV?$vector@_KV?$allocator@_K@std@@@0@@Z 00000001800238b0 f i collisioncodegen_CollisionGeometry.obj
 0001:000228c0       ??$_Get_unwrapped@AEBQEA_K@std@@YA?A_TAEBQEA_K@Z 00000001800238c0 f i collisioncodegen_CollisionGeometry.obj
 0001:000228d0       ??$_Get_unwrapped@AEBV?$_Vector_iterator@V?$_Vector_val@U?$_Simple_types@_K@std@@@std@@@std@@@std@@YA?A_TAEBV?$_Vector_iterator@V?$_Vector_val@U?$_Simple_types@_K@std@@@std@@@0@@Z 00000001800238d0 f i collisioncodegen_CollisionGeometry.obj
 0001:000228f0       ??$_Guess_median_unchecked@PEA_KU?$less@X@std@@@std@@YAXPEA_K00U?$less@X@0@@Z 00000001800238f0 f i collisioncodegen_CollisionGeometry.obj
 0001:00022a50       ??$_Insertion_sort_unchecked@PEA_KU?$less@X@std@@@std@@YAPEA_KQEA_K0U?$less@X@0@@Z 0000000180023a50 f i collisioncodegen_CollisionGeometry.obj
 0001:00022b90       ??$_Make_heap_unchecked@PEA_KU?$less@X@std@@@std@@YAXPEA_K0U?$less@X@0@@Z 0000000180023b90 f i collisioncodegen_CollisionGeometry.obj
 0001:00022c30       ??$_Max_element_unchecked@PEANU?$less@X@std@@@std@@YAPEANPEAN0U?$less@X@0@@Z 0000000180023c30 f i collisioncodegen_CollisionGeometry.obj
 0001:00022cb0       ??$_Med3_unchecked@PEA_KU?$less@X@std@@@std@@YAXPEA_K00U?$less@X@0@@Z 0000000180023cb0 f i collisioncodegen_CollisionGeometry.obj
 0001:00022d50       ??$_Move_backward_unchecked@PEA_KPEA_K@std@@YAPEA_KPEA_K00@Z 0000000180023d50 f i collisioncodegen_CollisionGeometry.obj
 0001:00022dd0       ??$_Move_unchecked@PEA_KPEA_K@std@@YAPEA_KPEA_K00@Z 0000000180023dd0 f i collisioncodegen_CollisionGeometry.obj
 0001:00022e50       ??$_Next_iter@PEA_K@std@@YAPEA_KPEA_K@Z 0000000180023e50 f i collisioncodegen_CollisionGeometry.obj
 0001:00022e70       ??$_Partition_by_median_guess_unchecked@PEA_KU?$less@X@std@@@std@@YA?AU?$pair@PEA_KPEA_K@0@PEA_K0U?$less@X@0@@Z 0000000180023e70 f i collisioncodegen_CollisionGeometry.obj
 0001:00023220       ??$_Pass_fn@U?$less@X@std@@@std@@YA?A_PAEAU?$less@X@0@@Z 0000000180024220 f i collisioncodegen_CollisionGeometry.obj
 0001:00023240       ??$_Pop_heap_hole_by_index@PEA_K_KU?$less@X@std@@@std@@YAXPEA_K_J1$$QEA_KU?$less@X@0@@Z 0000000180024240 f i collisioncodegen_CollisionGeometry.obj
 0001:000233a0       ??$_Pop_heap_hole_unchecked@PEA_K_KU?$less@X@std@@@std@@YAXPEA_K00$$QEA_KU?$less@X@0@@Z 00000001800243a0 f i collisioncodegen_CollisionGeometry.obj
 0001:00023410       ??$_Pop_heap_unchecked@PEA_KU?$less@X@std@@@std@@YAXPEA_K0U?$less@X@0@@Z 0000000180024410 f i collisioncodegen_CollisionGeometry.obj
 0001:00023490       ??$_Prev_iter@PEA_K@std@@YAPEA_KPEA_K@Z 0000000180024490 f i collisioncodegen_CollisionGeometry.obj
 0001:000234b0       ??$_Push_heap_by_index@PEA_K_KU?$less@X@std@@@std@@YAXPEA_K_J1$$QEA_KU?$less@X@0@@Z 00000001800244b0 f i collisioncodegen_CollisionGeometry.obj
 0001:00023570       ??$_Refancy@PEAN$0A@@std@@YAPEANPEAN@Z 0000000180024570 f i collisioncodegen_CollisionGeometry.obj
 0001:00023580       ??$_Refancy@PEA_K$0A@@std@@YAPEA_KPEA_K@Z 0000000180024580 f i collisioncodegen_CollisionGeometry.obj
 0001:00023590       ??$_Resize@U_Value_init_tag@std@@@?$vector@V?$vector@_KV?$allocator@_K@std@@@std@@V?$allocator@V?$vector@_KV?$allocator@_K@std@@@std@@@2@@std@@AEAAX_KAEBU_Value_init_tag@1@@Z 0000000180024590 f i collisioncodegen_CollisionGeometry.obj
 0001:00023700       ??$_Resize@U_Value_init_tag@std@@@?$vector@_KV?$allocator@_K@std@@@std@@AEAAX_KAEBU_Value_init_tag@1@@Z 0000000180024700 f i collisioncodegen_CollisionGeometry.obj
 0001:00023870       ??$_Resize_reallocate@U_Value_init_tag@std@@@?$vector@V?$vector@_KV?$allocator@_K@std@@@std@@V?$allocator@V?$vector@_KV?$allocator@_K@std@@@std@@@2@@std@@AEAAX_KAEBU_Value_init_tag@1@@Z 0000000180024870 f i collisioncodegen_CollisionGeometry.obj
 0001:000239c0       ??$_Resize_reallocate@U_Value_init_tag@std@@@?$vector@_KV?$allocator@_K@std@@@std@@AEAAX_KAEBU_Value_init_tag@1@@Z 00000001800249c0 f i collisioncodegen_CollisionGeometry.obj
 0001:00023b10       ??$_Seek_wrapped@V?$_Vector_iterator@V?$_Vector_val@U?$_Simple_types@N@std@@@std@@@std@@PEAN@std@@YAXAEAV?$_Vector_iterator@V?$_Vector_val@U?$_Simple_types@N@std@@@std@@@0@$$QEAPEAN@Z 0000000180024b10 f i collisioncodegen_CollisionGeometry.obj
 0001:00023b40       ??$_Seek_wrapped@V?$_Vector_iterator@V?$_Vector_val@U?$_Simple_types@_K@std@@@std@@@std@@AEAPEA_K@std@@YAXAEAV?$_Vector_iterator@V?$_Vector_val@U?$_Simple_types@_K@std@@@std@@@0@AEAPEA_K@Z 0000000180024b40 f i collisioncodegen_CollisionGeometry.obj
 0001:00023b70       ??$_Seek_wrapped@V?$_Vector_iterator@V?$_Vector_val@U?$_Simple_types@_K@std@@@std@@@std@@AEBQEA_K@std@@YAXAEAV?$_Vector_iterator@V?$_Vector_val@U?$_Simple_types@_K@std@@@std@@@0@AEBQEA_K@Z 0000000180024b70 f i collisioncodegen_CollisionGeometry.obj
 0001:00023ba0       ??$_Sort_heap_unchecked@PEA_KU?$less@X@std@@@std@@YAXPEA_K0U?$less@X@0@@Z 0000000180024ba0 f i collisioncodegen_CollisionGeometry.obj
 0001:00023c00       ??$_Sort_unchecked@PEA_KU?$less@X@std@@@std@@YAXPEA_K0_JU?$less@X@0@@Z 0000000180024c00 f i collisioncodegen_CollisionGeometry.obj
 0001:00023d40       ??$_To_address@PEAN@std@@YA?A_PAEBQEAN@Z 0000000180024d40 f i collisioncodegen_CollisionGeometry.obj
 0001:00023d50       ??$_To_address@PEA_K@std@@YA?A_PAEBQEA_K@Z 0000000180024d50 f i collisioncodegen_CollisionGeometry.obj
 0001:00023d60       ??$_Unfancy@N@std@@YAPEANPEAN@Z 0000000180024d60 f i collisioncodegen_CollisionGeometry.obj
 0001:00023d70       ??$_Unfancy@V?$vector@_KV?$allocator@_K@std@@@std@@@std@@YAPEAV?$vector@_KV?$allocator@_K@std@@@0@PEAV10@@Z 0000000180024d70 f i collisioncodegen_CollisionGeometry.obj
 0001:00023d80       ??$_Unfancy@_K@std@@YAPEA_KPEA_K@Z 0000000180024d80 f i collisioncodegen_CollisionGeometry.obj
 0001:00023d90       ??$_Uninitialized_move@PEANV?$allocator@N@std@@@std@@YAPEANQEAN0PEANAEAV?$allocator@N@0@@Z 0000000180024d90 f i collisioncodegen_CollisionGeometry.obj
 0001:00023e70       ??$_Uninitialized_move@PEAV?$vector@_KV?$allocator@_K@std@@@std@@V?$allocator@V?$vector@_KV?$allocator@_K@std@@@std@@@2@@std@@YAPEAV?$vector@_KV?$allocator@_K@std@@@0@QEAV10@0PEAV10@AEAV?$allocator@V?$vector@_KV?$allocator@_K@std@@@std@@@0@@Z 0000000180024e70 f i collisioncodegen_CollisionGeometry.obj
 0001:00023f20       ??$_Uninitialized_move@PEA_KV?$allocator@_K@std@@@std@@YAPEA_KQEA_K0PEA_KAEAV?$allocator@_K@0@@Z 0000000180024f20 f i collisioncodegen_CollisionGeometry.obj
 0001:00024000       ??$_Uninitialized_value_construct_n@V?$allocator@V?$vector@_KV?$allocator@_K@std@@@std@@@std@@@std@@YAPEAV?$vector@_KV?$allocator@_K@std@@@0@PEAV10@_KAEAV?$allocator@V?$vector@_KV?$allocator@_K@std@@@std@@@0@@Z 0000000180025000 f i collisioncodegen_CollisionGeometry.obj
 0001:00024070       ??$_Uninitialized_value_construct_n@V?$allocator@_K@std@@@std@@YAPEA_KPEA_K_KAEAV?$allocator@_K@0@@Z 0000000180025070 f i collisioncodegen_CollisionGeometry.obj
 0001:00024120       ??$_Zero_range@PEA_K@std@@YAPEA_KQEA_K0@Z 0000000180025120 f i collisioncodegen_CollisionGeometry.obj
 0001:00024180       ??$addressof@N@std@@YAPEANAEAN@Z 0000000180025180 f i collisioncodegen_CollisionGeometry.obj
 0001:00024190       ??$addressof@V?$_Vector_val@U?$_Simple_types@N@std@@@std@@@std@@YAPEAV?$_Vector_val@U?$_Simple_types@N@std@@@0@AEAV10@@Z 0000000180025190 f i collisioncodegen_CollisionGeometry.obj
 0001:000241a0       ??$addressof@V?$_Vector_val@U?$_Simple_types@_K@std@@@std@@@std@@YAPEAV?$_Vector_val@U?$_Simple_types@_K@std@@@0@AEAV10@@Z 00000001800251a0 f i collisioncodegen_CollisionGeometry.obj
 0001:000241b0       ??$addressof@_K@std@@YAPEA_KAEA_K@Z 00000001800251b0 f i collisioncodegen_CollisionGeometry.obj
 0001:000241c0       ??$construct@NN@?$_Default_allocator_traits@V?$allocator@N@std@@@std@@SAXAEAV?$allocator@N@1@QEAN$$QEAN@Z 00000001800251c0 f i collisioncodegen_CollisionGeometry.obj
 0001:00024210       ??$construct@V?$vector@_KV?$allocator@_K@std@@@std@@$$V@?$_Default_allocator_traits@V?$allocator@V?$vector@_KV?$allocator@_K@std@@@std@@@std@@@std@@SAXAEAV?$allocator@V?$vector@_KV?$allocator@_K@std@@@std@@@1@QEAV?$vector@_KV?$allocator@_K@std@@@1@@Z 0000000180025210 f i collisioncodegen_CollisionGeometry.obj
 0001:00024250       ??$construct@V?$vector@_KV?$allocator@_K@std@@@std@@V12@@?$_Default_allocator_traits@V?$allocator@V?$vector@_KV?$allocator@_K@std@@@std@@@std@@@std@@SAXAEAV?$allocator@V?$vector@_KV?$allocator@_K@std@@@std@@@1@QEAV?$vector@_KV?$allocator@_K@std@@@1@$$QEAV31@@Z 0000000180025250 f i collisioncodegen_CollisionGeometry.obj
 0001:000242a0       ??$construct@_K$$V@?$_Default_allocator_traits@V?$allocator@_K@std@@@std@@SAXAEAV?$allocator@_K@1@QEA_K@Z 00000001800252a0 f i collisioncodegen_CollisionGeometry.obj
 0001:000242e0       ??$construct@_KAEB_K@?$_Default_allocator_traits@V?$allocator@_K@std@@@std@@SAXAEAV?$allocator@_K@1@QEA_KAEB_K@Z 00000001800252e0 f i collisioncodegen_CollisionGeometry.obj
 0001:00024330       ??$construct@_K_K@?$_Default_allocator_traits@V?$allocator@_K@std@@@std@@SAXAEAV?$allocator@_K@1@QEA_K$$QEA_K@Z 0000000180025330 f i collisioncodegen_CollisionGeometry.obj
 0001:00024380       ??$destroy@V?$vector@_KV?$allocator@_K@std@@@std@@@?$_Default_allocator_traits@V?$allocator@V?$vector@_KV?$allocator@_K@std@@@std@@@std@@@std@@SAXAEAV?$allocator@V?$vector@_KV?$allocator@_K@std@@@std@@@1@QEAV?$vector@_KV?$allocator@_K@std@@@1@@Z 0000000180025380 f i collisioncodegen_CollisionGeometry.obj
 0001:000243a0       ??$endl@DU?$char_traits@D@std@@@std@@YAAEAV?$basic_ostream@DU?$char_traits@D@std@@@0@AEAV10@@Z 00000001800253a0 f i collisioncodegen_CollisionGeometry.obj
 0001:000243f0       ??$exchange@PEA_K$$T@std@@YAPEA_KAEAPEA_K$$QEA$$T@Z 00000001800253f0 f i collisioncodegen_CollisionGeometry.obj
 0001:00024430       ??$forward@AEAPEA_K@std@@YAAEAPEA_KAEAPEA_K@Z 0000000180025430 f i collisioncodegen_CollisionGeometry.obj
 0001:00024440       ??$forward@AEBQEA_K@std@@YAAEBQEA_KAEBQEA_K@Z 0000000180025440 f i collisioncodegen_CollisionGeometry.obj
 0001:00024450       ??$forward@AEB_K@std@@YAAEB_KAEB_K@Z 0000000180025450 f i collisioncodegen_CollisionGeometry.obj
 0001:00024460       ??$forward@N@std@@YA$$QEANAEAN@Z 0000000180025460 f i collisioncodegen_CollisionGeometry.obj
 0001:00024470       ??$forward@PEAN@std@@YA$$QEAPEANAEAPEAN@Z 0000000180025470 f i collisioncodegen_CollisionGeometry.obj
 0001:00024480       ??$forward@PEA_K@std@@YA$$QEAPEA_KAEAPEA_K@Z 0000000180025480 f i collisioncodegen_CollisionGeometry.obj
 0001:00024490       ??$forward@V?$allocator@_K@std@@@std@@YA$$QEAV?$allocator@_K@0@AEAV10@@Z 0000000180025490 f i collisioncodegen_CollisionGeometry.obj
 0001:000244a0       ??$forward@V?$vector@_KV?$allocator@_K@std@@@std@@@std@@YA$$QEAV?$vector@_KV?$allocator@_K@std@@@0@AEAV10@@Z 00000001800254a0 f i collisioncodegen_CollisionGeometry.obj
 0001:000244b0       ??$forward@_K@std@@YA$$QEA_KAEA_K@Z 00000001800254b0 f i collisioncodegen_CollisionGeometry.obj
 0001:000244c0       ??$max_element@V?$_Vector_iterator@V?$_Vector_val@U?$_Simple_types@N@std@@@std@@@std@@@std@@YA?AV?$_Vector_iterator@V?$_Vector_val@U?$_Simple_types@N@std@@@std@@@0@V10@0@Z 00000001800254c0 f i collisioncodegen_CollisionGeometry.obj
 0001:00024510       ??$max_element@V?$_Vector_iterator@V?$_Vector_val@U?$_Simple_types@N@std@@@std@@@std@@U?$less@X@2@@std@@YA?AV?$_Vector_iterator@V?$_Vector_val@U?$_Simple_types@N@std@@@std@@@0@V10@0U?$less@X@0@@Z 0000000180025510 f i collisioncodegen_CollisionGeometry.obj
 0001:000245a0       ??$min@_K@std@@YAAEB_KAEB_K0@Z 00000001800255a0 f i collisioncodegen_CollisionGeometry.obj
 0001:000245f0       ??$move@AEAN@std@@YA$$QEANAEAN@Z 00000001800255f0 f i collisioncodegen_CollisionGeometry.obj
 0001:00024600       ??$move@AEAV?$allocator@_K@std@@@std@@YA$$QEAV?$allocator@_K@0@AEAV10@@Z 0000000180025600 f i collisioncodegen_CollisionGeometry.obj
 0001:00024610       ??$move@AEAV?$vector@_KV?$allocator@_K@std@@@std@@@std@@YA$$QEAV?$vector@_KV?$allocator@_K@std@@@0@AEAV10@@Z 0000000180025610 f i collisioncodegen_CollisionGeometry.obj
 0001:00024620       ??$move@AEA_K@std@@YA$$QEA_KAEA_K@Z 0000000180025620 f i collisioncodegen_CollisionGeometry.obj
 0001:00024630       ??$sort@V?$_Vector_iterator@V?$_Vector_val@U?$_Simple_types@_K@std@@@std@@@std@@@std@@YAXV?$_Vector_iterator@V?$_Vector_val@U?$_Simple_types@_K@std@@@std@@@0@0@Z 0000000180025630 f i collisioncodegen_CollisionGeometry.obj
 0001:00024670       ??$sort@V?$_Vector_iterator@V?$_Vector_val@U?$_Simple_types@_K@std@@@std@@@std@@U?$less@X@2@@std@@YAXV?$_Vector_iterator@V?$_Vector_val@U?$_Simple_types@_K@std@@@std@@@0@0U?$less@X@0@@Z 0000000180025670 f i collisioncodegen_CollisionGeometry.obj
 0001:000246f0       ??$swap@_K$0A@@std@@YAXAEA_K0@Z 00000001800256f0 f i collisioncodegen_CollisionGeometry.obj
 0001:00024740       ??$unique@V?$_Vector_iterator@V?$_Vector_val@U?$_Simple_types@_K@std@@@std@@@std@@@std@@YA?AV?$_Vector_iterator@V?$_Vector_val@U?$_Simple_types@_K@std@@@std@@@0@V10@0@Z 0000000180025740 f i collisioncodegen_CollisionGeometry.obj
 0001:00024790       ??$unique@V?$_Vector_iterator@V?$_Vector_val@U?$_Simple_types@_K@std@@@std@@@std@@U?$equal_to@X@2@@std@@YA?AV?$_Vector_iterator@V?$_Vector_val@U?$_Simple_types@_K@std@@@std@@@0@V10@0U?$equal_to@X@0@@Z 0000000180025790 f i collisioncodegen_CollisionGeometry.obj
 0001:000248f0       ??0?$_Uninitialized_backout_al@V?$allocator@N@std@@@std@@QEAA@PEANAEAV?$allocator@N@1@@Z 00000001800258f0 f i collisioncodegen_CollisionGeometry.obj
 0001:00024930       ??0?$_Uninitialized_backout_al@V?$allocator@V?$vector@_KV?$allocator@_K@std@@@std@@@std@@@std@@QEAA@PEAV?$vector@_KV?$allocator@_K@std@@@1@AEAV?$allocator@V?$vector@_KV?$allocator@_K@std@@@std@@@1@@Z 0000000180025930 f i collisioncodegen_CollisionGeometry.obj
 0001:00024970       ??0?$_Uninitialized_backout_al@V?$allocator@_K@std@@@std@@QEAA@PEA_KAEAV?$allocator@_K@1@@Z 0000000180025970 f i collisioncodegen_CollisionGeometry.obj
 0001:000249b0       ??0?$_Vector_const_iterator@V?$_Vector_val@U?$_Simple_types@N@std@@@std@@@std@@QEAA@PEANPEBU_Container_base0@1@@Z 00000001800259b0 f i collisioncodegen_CollisionGeometry.obj
 0001:000249f0       ??0?$_Vector_const_iterator@V?$_Vector_val@U?$_Simple_types@_K@std@@@std@@@std@@QEAA@PEA_KPEBU_Container_base0@1@@Z 00000001800259f0 f i collisioncodegen_CollisionGeometry.obj
 0001:00024a30       ??0?$_Vector_iterator@V?$_Vector_val@U?$_Simple_types@N@std@@@std@@@std@@QEAA@PEANPEBU_Container_base0@1@@Z 0000000180025a30 f i collisioncodegen_CollisionGeometry.obj
 0001:00024a70       ??0?$_Vector_iterator@V?$_Vector_val@U?$_Simple_types@_K@std@@@std@@@std@@QEAA@PEA_KPEBU_Container_base0@1@@Z 0000000180025a70 f i collisioncodegen_CollisionGeometry.obj
 0001:00024ab0       ??0?$_Vector_val@U?$_Simple_types@N@std@@@std@@QEAA@XZ 0000000180025ab0 f i collisioncodegen_CollisionGeometry.obj
 0001:00024af0       ??0?$_Vector_val@U?$_Simple_types@_K@std@@@std@@QEAA@PEA_K00@Z 0000000180025af0 f i collisioncodegen_CollisionGeometry.obj
 0001:00024b40       ??0?$_Vector_val@U?$_Simple_types@_K@std@@@std@@QEAA@XZ 0000000180025b40 f i collisioncodegen_CollisionGeometry.obj
 0001:00024b80       ??0?$allocator@N@std@@QEAA@XZ 0000000180025b80 f i collisioncodegen_CollisionGeometry.obj
 0001:00024b90       ??0?$allocator@_K@std@@QEAA@XZ 0000000180025b90 f i collisioncodegen_CollisionGeometry.obj
 0001:00024ba0       ??0?$vector@NV?$allocator@N@std@@@std@@QEAA@XZ 0000000180025ba0 f i collisioncodegen_CollisionGeometry.obj
 0001:00024be0       ??0?$vector@_KV?$allocator@_K@std@@@std@@QEAA@$$QEAV01@@Z 0000000180025be0 f i collisioncodegen_CollisionGeometry.obj
 0001:00024ce0       ??0?$vector@_KV?$allocator@_K@std@@@std@@QEAA@XZ 0000000180025ce0 f i collisioncodegen_CollisionGeometry.obj
 0001:00024d20       ??0_Sentry_base@?$basic_ostream@DU?$char_traits@D@std@@@std@@QEAA@AEAV12@@Z 0000000180025d20 f i collisioncodegen_CollisionGeometry.obj
 0001:00024d90       ??0bad_alloc@std@@AEAA@QEBD@Z 0000000180025d90 f i collisioncodegen_CollisionGeometry.obj
 0001:00024dd0       ??0bad_alloc@std@@QEAA@AEBV01@@Z 0000000180025dd0 f i collisioncodegen_CollisionGeometry.obj
 0001:00024e10       ??0bad_array_new_length@std@@QEAA@AEBV01@@Z 0000000180025e10 f i collisioncodegen_CollisionGeometry.obj
 0001:00024e50       ??0bad_array_new_length@std@@QEAA@XZ 0000000180025e50 f i collisioncodegen_CollisionGeometry.obj
 0001:00024e90       ??0exception@std@@QEAA@AEBV01@@Z 0000000180025e90 f i collisioncodegen_CollisionGeometry.obj
 0001:00024ef0       ??0exception@std@@QEAA@QEBDH@Z 0000000180025ef0 f i collisioncodegen_CollisionGeometry.obj
 0001:00024f40       ??0sentry@?$basic_ostream@DU?$char_traits@D@std@@@std@@QEAA@AEAV12@@Z 0000000180025f40 f i collisioncodegen_CollisionGeometry.obj
 0001:00025020       ??1?$_Uninitialized_backout_al@V?$allocator@N@std@@@std@@QEAA@XZ 0000000180026020 f i collisioncodegen_CollisionGeometry.obj
 0001:00025050       ??1?$_Uninitialized_backout_al@V?$allocator@V?$vector@_KV?$allocator@_K@std@@@std@@@std@@@std@@QEAA@XZ 0000000180026050 f i collisioncodegen_CollisionGeometry.obj
 0001:00025080       ??1?$_Uninitialized_backout_al@V?$allocator@_K@std@@@std@@QEAA@XZ 0000000180026080 f i collisioncodegen_CollisionGeometry.obj
 0001:000250b0       ??1?$vector@NV?$allocator@N@std@@@std@@QEAA@XZ 00000001800260b0 f i collisioncodegen_CollisionGeometry.obj
 0001:000250d0       ??1?$vector@U_ccd_vec3_t@@V?$allocator@U_ccd_vec3_t@@@std@@@std@@QEAA@XZ 00000001800260d0 f i collisioncodegen_CollisionGeometry.obj
 0001:000250f0       ??1?$vector@U_idx_vec3_t@shared_robotics@@V?$allocator@U_idx_vec3_t@shared_robotics@@@std@@@std@@QEAA@XZ 00000001800260f0 f i collisioncodegen_CollisionGeometry.obj
 0001:00025110       ??1?$vector@V?$vector@_KV?$allocator@_K@std@@@std@@V?$allocator@V?$vector@_KV?$allocator@_K@std@@@std@@@2@@std@@QEAA@XZ 0000000180026110 f i collisioncodegen_CollisionGeometry.obj
 0001:00025130       ??1?$vector@_KV?$allocator@_K@std@@@std@@QEAA@XZ 0000000180026130 f i collisioncodegen_CollisionGeometry.obj
 0001:00025150       ??1_Sentry_base@?$basic_ostream@DU?$char_traits@D@std@@@std@@QEAA@XZ 0000000180026150 f i collisioncodegen_CollisionGeometry.obj
 0001:000251b0       ??1bad_alloc@std@@UEAA@XZ  00000001800261b0 f i collisioncodegen_CollisionGeometry.obj
 0001:000251d0       ??1bad_array_new_length@std@@UEAA@XZ 00000001800261d0 f i collisioncodegen_CollisionGeometry.obj
 0001:000251f0       ??1exception@std@@UEAA@XZ  00000001800261f0 f i collisioncodegen_CollisionGeometry.obj
 0001:00025220       ??1sentry@?$basic_ostream@DU?$char_traits@D@std@@@std@@QEAA@XZ 0000000180026220 f i collisioncodegen_CollisionGeometry.obj
 0001:00025270       ??2@YAPEAX_KPEAX@Z         0000000180026270 f i collisioncodegen_CollisionGeometry.obj
 0001:00025280       ??A?$vector@U_ccd_vec3_t@@V?$allocator@U_ccd_vec3_t@@@std@@@std@@QEBAAEBU_ccd_vec3_t@@_K@Z 0000000180026280 f i collisioncodegen_CollisionGeometry.obj
 0001:000252b0       ??A?$vector@U_idx_vec3_t@shared_robotics@@V?$allocator@U_idx_vec3_t@shared_robotics@@@std@@@std@@QEAAAEAU_idx_vec3_t@shared_robotics@@_K@Z 00000001800262b0 f i collisioncodegen_CollisionGeometry.obj
 0001:000252e0       ??A?$vector@V?$vector@_KV?$allocator@_K@std@@@std@@V?$allocator@V?$vector@_KV?$allocator@_K@std@@@std@@@2@@std@@QEAAAEAV?$vector@_KV?$allocator@_K@std@@@1@_K@Z 00000001800262e0 f i collisioncodegen_CollisionGeometry.obj
 0001:00025310       ??A?$vector@V?$vector@_KV?$allocator@_K@std@@@std@@V?$allocator@V?$vector@_KV?$allocator@_K@std@@@std@@@2@@std@@QEBAAEBV?$vector@_KV?$allocator@_K@std@@@1@_K@Z 0000000180026310 f i collisioncodegen_CollisionGeometry.obj
 0001:00025340       ??A?$vector@_KV?$allocator@_K@std@@@std@@QEBAAEB_K_K@Z 0000000180026340 f i collisioncodegen_CollisionGeometry.obj
 0001:00025370       ??Bsentry@?$basic_ostream@DU?$char_traits@D@std@@@std@@QEBA_NXZ 0000000180026370 f i collisioncodegen_CollisionGeometry.obj
 0001:00025380       ??G?$_Vector_const_iterator@V?$_Vector_val@U?$_Simple_types@N@std@@@std@@@std@@QEBA_JAEBV01@@Z 0000000180026380 f i collisioncodegen_CollisionGeometry.obj
 0001:000253c0       ??_G?$vector@_KV?$allocator@_K@std@@@std@@QEAAPEAXI@Z 00000001800263c0 f i collisioncodegen_CollisionGeometry.obj
 0001:00025400       ??_ECollisionGeometry@shared_robotics@@UEAAPEAXI@Z 0000000180026400 f i collisioncodegen_CollisionGeometry.obj
 0001:00025400       ??_GCollisionGeometry@shared_robotics@@UEAAPEAXI@Z 0000000180026400 f i collisioncodegen_CollisionGeometry.obj
 0001:00025440       ??_Ebad_alloc@std@@UEAAPEAXI@Z 0000000180026440 f i collisioncodegen_CollisionGeometry.obj
 0001:00025440       ??_Gbad_alloc@std@@UEAAPEAXI@Z 0000000180026440 f i collisioncodegen_CollisionGeometry.obj
 0001:00025480       ??_Ebad_array_new_length@std@@UEAAPEAXI@Z 0000000180026480 f i collisioncodegen_CollisionGeometry.obj
 0001:00025480       ??_Gbad_array_new_length@std@@UEAAPEAXI@Z 0000000180026480 f i collisioncodegen_CollisionGeometry.obj
 0001:000254c0       ??_Eexception@std@@UEAAPEAXI@Z 00000001800264c0 f i collisioncodegen_CollisionGeometry.obj
 0001:000254c0       ??_Gexception@std@@UEAAPEAXI@Z 00000001800264c0 f i collisioncodegen_CollisionGeometry.obj
 0001:00025500       ?_Adjust_manually_vector_aligned@std@@YAXAEAPEAXAEA_K@Z 0000000180026500 f i collisioncodegen_CollisionGeometry.obj
 0001:000255a0       ?_Adopt@_Iterator_base0@std@@QEAAXPEBX@Z 00000001800265a0 f i collisioncodegen_CollisionGeometry.obj
 0001:000255b0       ?_Alloc_proxy@_Container_base0@std@@QEAAXAEBU_Fake_allocator@2@@Z 00000001800265b0 f i collisioncodegen_CollisionGeometry.obj
 0001:000255c0       ?_Allocate@_Default_allocate_traits@std@@SAPEAX_K@Z 00000001800265c0 f i collisioncodegen_CollisionGeometry.obj
 0001:000255e0       ?_Calculate_growth@?$vector@NV?$allocator@N@std@@@std@@AEBA_K_K@Z 00000001800265e0 f i collisioncodegen_CollisionGeometry.obj
 0001:00025670       ?_Calculate_growth@?$vector@V?$vector@_KV?$allocator@_K@std@@@std@@V?$allocator@V?$vector@_KV?$allocator@_K@std@@@std@@@2@@std@@AEBA_K_K@Z 0000000180026670 f i collisioncodegen_CollisionGeometry.obj
 0001:00025700       ?_Calculate_growth@?$vector@_KV?$allocator@_K@std@@@std@@AEBA_K_K@Z 0000000180026700 f i collisioncodegen_CollisionGeometry.obj
 0001:00025790       ?_Change_array@?$vector@NV?$allocator@N@std@@@std@@AEAAXQEAN_K1@Z 0000000180026790 f i collisioncodegen_CollisionGeometry.obj
 0001:00025880       ?_Change_array@?$vector@V?$vector@_KV?$allocator@_K@std@@@std@@V?$allocator@V?$vector@_KV?$allocator@_K@std@@@std@@@2@@std@@AEAAXQEAV?$vector@_KV?$allocator@_K@std@@@2@_K1@Z 0000000180026880 f i collisioncodegen_CollisionGeometry.obj
 0001:00025980       ?_Change_array@?$vector@_KV?$allocator@_K@std@@@std@@AEAAXQEA_K_K1@Z 0000000180026980 f i collisioncodegen_CollisionGeometry.obj
 0001:00025a70       ?_Compat@?$_Vector_const_iterator@V?$_Vector_val@U?$_Simple_types@N@std@@@std@@@std@@QEBAXAEBV12@@Z 0000000180026a70 f i collisioncodegen_CollisionGeometry.obj
 0001:00025a80       ?_Get_first@?$_Compressed_pair@V?$allocator@N@std@@V?$_Vector_val@U?$_Simple_types@N@std@@@2@$00@std@@QEAAAEAV?$allocator@N@2@XZ 0000000180026a80 f i collisioncodegen_CollisionGeometry.obj
 0001:00025a90       ?_Get_first@?$_Compressed_pair@V?$allocator@N@std@@V?$_Vector_val@U?$_Simple_types@N@std@@@2@$00@std@@QEBAAEBV?$allocator@N@2@XZ 0000000180026a90 f i collisioncodegen_CollisionGeometry.obj
 0001:00025aa0       ?_Get_first@?$_Compressed_pair@V?$allocator@U_ccd_vec3_t@@@std@@V?$_Vector_val@U?$_Simple_types@U_ccd_vec3_t@@@std@@@2@$00@std@@QEAAAEAV?$allocator@U_ccd_vec3_t@@@2@XZ 0000000180026aa0 f i collisioncodegen_CollisionGeometry.obj
 0001:00025ab0       ?_Get_first@?$_Compressed_pair@V?$allocator@U_idx_vec3_t@shared_robotics@@@std@@V?$_Vector_val@U?$_Simple_types@U_idx_vec3_t@shared_robotics@@@std@@@2@$00@std@@QEAAAEAV?$allocator@U_idx_vec3_t@shared_robotics@@@2@XZ 0000000180026ab0 f i collisioncodegen_CollisionGeometry.obj
 0001:00025ac0       ?_Get_first@?$_Compressed_pair@V?$allocator@V?$vector@_KV?$allocator@_K@std@@@std@@@std@@V?$_Vector_val@U?$_Simple_types@V?$vector@_KV?$allocator@_K@std@@@std@@@std@@@2@$00@std@@QEAAAEAV?$allocator@V?$vector@_KV?$allocator@_K@std@@@std@@@2@XZ 0000000180026ac0 f i collisioncodegen_CollisionGeometry.obj
 0001:00025ad0       ?_Get_first@?$_Compressed_pair@V?$allocator@V?$vector@_KV?$allocator@_K@std@@@std@@@std@@V?$_Vector_val@U?$_Simple_types@V?$vector@_KV?$allocator@_K@std@@@std@@@std@@@2@$00@std@@QEBAAEBV?$allocator@V?$vector@_KV?$allocator@_K@std@@@std@@@2@XZ 0000000180026ad0 f i collisioncodegen_CollisionGeometry.obj
 0001:00025ae0       ?_Get_first@?$_Compressed_pair@V?$allocator@_K@std@@V?$_Vector_val@U?$_Simple_types@_K@std@@@2@$00@std@@QEAAAEAV?$allocator@_K@2@XZ 0000000180026ae0 f i collisioncodegen_CollisionGeometry.obj
 0001:00025af0       ?_Get_first@?$_Compressed_pair@V?$allocator@_K@std@@V?$_Vector_val@U?$_Simple_types@_K@std@@@2@$00@std@@QEBAAEBV?$allocator@_K@2@XZ 0000000180026af0 f i collisioncodegen_CollisionGeometry.obj
 0001:00025b00       ?_Getal@?$vector@NV?$allocator@N@std@@@std@@AEAAAEAV?$allocator@N@2@XZ 0000000180026b00 f i collisioncodegen_CollisionGeometry.obj
 0001:00025b20       ?_Getal@?$vector@NV?$allocator@N@std@@@std@@AEBAAEBV?$allocator@N@2@XZ 0000000180026b20 f i collisioncodegen_CollisionGeometry.obj
 0001:00025b40       ?_Getal@?$vector@U_ccd_vec3_t@@V?$allocator@U_ccd_vec3_t@@@std@@@std@@AEAAAEAV?$allocator@U_ccd_vec3_t@@@2@XZ 0000000180026b40 f i collisioncodegen_CollisionGeometry.obj
 0001:00025b60       ?_Getal@?$vector@U_idx_vec3_t@shared_robotics@@V?$allocator@U_idx_vec3_t@shared_robotics@@@std@@@std@@AEAAAEAV?$allocator@U_idx_vec3_t@shared_robotics@@@2@XZ 0000000180026b60 f i collisioncodegen_CollisionGeometry.obj
 0001:00025b80       ?_Getal@?$vector@V?$vector@_KV?$allocator@_K@std@@@std@@V?$allocator@V?$vector@_KV?$allocator@_K@std@@@std@@@2@@std@@AEAAAEAV?$allocator@V?$vector@_KV?$allocator@_K@std@@@std@@@2@XZ 0000000180026b80 f i collisioncodegen_CollisionGeometry.obj
 0001:00025ba0       ?_Getal@?$vector@V?$vector@_KV?$allocator@_K@std@@@std@@V?$allocator@V?$vector@_KV?$allocator@_K@std@@@std@@@2@@std@@AEBAAEBV?$allocator@V?$vector@_KV?$allocator@_K@std@@@std@@@2@XZ 0000000180026ba0 f i collisioncodegen_CollisionGeometry.obj
 0001:00025bc0       ?_Getal@?$vector@_KV?$allocator@_K@std@@@std@@AEAAAEAV?$allocator@_K@2@XZ 0000000180026bc0 f i collisioncodegen_CollisionGeometry.obj
 0001:00025be0       ?_Getal@?$vector@_KV?$allocator@_K@std@@@std@@AEBAAEBV?$allocator@_K@2@XZ 0000000180026be0 f i collisioncodegen_CollisionGeometry.obj
 0001:00025c00       ?_Orphan_all@_Container_base0@std@@QEAAXXZ 0000000180026c00 f i collisioncodegen_CollisionGeometry.obj
 0001:00025c10       ?_Orphan_range@?$vector@NV?$allocator@N@std@@@std@@AEBAXPEAN0@Z 0000000180026c10 f i collisioncodegen_CollisionGeometry.obj
 0001:00025c20       ?_Orphan_range@?$vector@V?$vector@_KV?$allocator@_K@std@@@std@@V?$allocator@V?$vector@_KV?$allocator@_K@std@@@std@@@2@@std@@AEBAXPEAV?$vector@_KV?$allocator@_K@std@@@2@0@Z 0000000180026c20 f i collisioncodegen_CollisionGeometry.obj
 0001:00025c30       ?_Orphan_range@?$vector@_KV?$allocator@_K@std@@@std@@AEBAXPEA_K0@Z 0000000180026c30 f i collisioncodegen_CollisionGeometry.obj
 0001:00025c40       ?_Release@?$_Uninitialized_backout_al@V?$allocator@N@std@@@std@@QEAAPEANXZ 0000000180026c40 f i collisioncodegen_CollisionGeometry.obj
 0001:00025c60       ?_Release@?$_Uninitialized_backout_al@V?$allocator@V?$vector@_KV?$allocator@_K@std@@@std@@@std@@@std@@QEAAPEAV?$vector@_KV?$allocator@_K@std@@@2@XZ 0000000180026c60 f i collisioncodegen_CollisionGeometry.obj
 0001:00025c80       ?_Release@?$_Uninitialized_backout_al@V?$allocator@_K@std@@@std@@QEAAPEA_KXZ 0000000180026c80 f i collisioncodegen_CollisionGeometry.obj
 0001:00025ca0       ?_Seek_to@?$_Vector_const_iterator@V?$_Vector_val@U?$_Simple_types@N@std@@@std@@@std@@QEAAXPEBN@Z 0000000180026ca0 f i collisioncodegen_CollisionGeometry.obj
 0001:00025cd0       ?_Seek_to@?$_Vector_const_iterator@V?$_Vector_val@U?$_Simple_types@_K@std@@@std@@@std@@QEAAXPEB_K@Z 0000000180026cd0 f i collisioncodegen_CollisionGeometry.obj
 0001:00025d00       ?_Swap_proxy_and_iterators@_Container_base0@std@@QEAAXAEAU12@@Z 0000000180026d00 f i collisioncodegen_CollisionGeometry.obj
 0001:00025d10       ?_Throw_bad_array_new_length@std@@YAXXZ 0000000180026d10 f i collisioncodegen_CollisionGeometry.obj
 0001:00025d40       ?_Tidy@?$vector@NV?$allocator@N@std@@@std@@AEAAXXZ 0000000180026d40 f i collisioncodegen_CollisionGeometry.obj
 0001:00025e10       ?_Tidy@?$vector@U_ccd_vec3_t@@V?$allocator@U_ccd_vec3_t@@@std@@@std@@AEAAXXZ 0000000180026e10 f i collisioncodegen_CollisionGeometry.obj
 0001:00025ef0       ?_Tidy@?$vector@U_idx_vec3_t@shared_robotics@@V?$allocator@U_idx_vec3_t@shared_robotics@@@std@@@std@@AEAAXXZ 0000000180026ef0 f i collisioncodegen_CollisionGeometry.obj
 0001:00025fd0       ?_Tidy@?$vector@V?$vector@_KV?$allocator@_K@std@@@std@@V?$allocator@V?$vector@_KV?$allocator@_K@std@@@std@@@2@@std@@AEAAXXZ 0000000180026fd0 f i collisioncodegen_CollisionGeometry.obj
 0001:000260b0       ?_Tidy@?$vector@_KV?$allocator@_K@std@@@std@@AEAAXXZ 00000001800270b0 f i collisioncodegen_CollisionGeometry.obj
 0001:00026180       ?_Unchecked_begin@?$vector@U_ccd_vec3_t@@V?$allocator@U_ccd_vec3_t@@@std@@@std@@QEBAPEBU_ccd_vec3_t@@XZ 0000000180027180 f i collisioncodegen_CollisionGeometry.obj
 0001:00026190       ?_Unchecked_end@?$vector@U_ccd_vec3_t@@V?$allocator@U_ccd_vec3_t@@@std@@@std@@QEBAPEBU_ccd_vec3_t@@XZ 0000000180027190 f i collisioncodegen_CollisionGeometry.obj
 0001:000261a0       ?_Unwrapped@?$_Vector_iterator@V?$_Vector_val@U?$_Simple_types@N@std@@@std@@@std@@QEBAPEANXZ 00000001800271a0 f i collisioncodegen_CollisionGeometry.obj
 0001:000261c0       ?_Unwrapped@?$_Vector_iterator@V?$_Vector_val@U?$_Simple_types@_K@std@@@std@@@std@@QEBAPEA_KXZ 00000001800271c0 f i collisioncodegen_CollisionGeometry.obj
 0001:000261e0       ?_Xlength@?$vector@NV?$allocator@N@std@@@std@@CAXXZ 00000001800271e0 f i collisioncodegen_CollisionGeometry.obj
 0001:00026200       ?_Xlength@?$vector@V?$vector@_KV?$allocator@_K@std@@@std@@V?$allocator@V?$vector@_KV?$allocator@_K@std@@@std@@@2@@std@@CAXXZ 0000000180027200 f i collisioncodegen_CollisionGeometry.obj
 0001:00026220       ?_Xlength@?$vector@_KV?$allocator@_K@std@@@std@@CAXXZ 0000000180027220 f i collisioncodegen_CollisionGeometry.obj
 0001:00026240       ?allocate@?$allocator@N@std@@QEAAPEAN_K@Z 0000000180027240 f i collisioncodegen_CollisionGeometry.obj
 0001:00026270       ?allocate@?$allocator@V?$vector@_KV?$allocator@_K@std@@@std@@@std@@QEAAPEAV?$vector@_KV?$allocator@_K@std@@@2@_K@Z 0000000180027270 f i collisioncodegen_CollisionGeometry.obj
 0001:000262a0       ?allocate@?$allocator@_K@std@@QEAAPEA_K_K@Z 00000001800272a0 f i collisioncodegen_CollisionGeometry.obj
 0001:000262d0       ?begin@?$vector@NV?$allocator@N@std@@@std@@QEAA?AV?$_Vector_iterator@V?$_Vector_val@U?$_Simple_types@N@std@@@std@@@2@XZ 00000001800272d0 f i collisioncodegen_CollisionGeometry.obj
 0001:00026320       ?begin@?$vector@_KV?$allocator@_K@std@@@std@@QEAA?AV?$_Vector_iterator@V?$_Vector_val@U?$_Simple_types@_K@std@@@std@@@2@XZ 0000000180027320 f i collisioncodegen_CollisionGeometry.obj
 0001:00026370       ?capacity@?$vector@NV?$allocator@N@std@@@std@@QEBA_KXZ 0000000180027370 f i collisioncodegen_CollisionGeometry.obj
 0001:000263a0       ?capacity@?$vector@V?$vector@_KV?$allocator@_K@std@@@std@@V?$allocator@V?$vector@_KV?$allocator@_K@std@@@std@@@2@@std@@QEBA_KXZ 00000001800273a0 f i collisioncodegen_CollisionGeometry.obj
 0001:000263e0       ?capacity@?$vector@_KV?$allocator@_K@std@@@std@@QEBA_KXZ 00000001800273e0 f i collisioncodegen_CollisionGeometry.obj
 0001:00026410       ?clear@?$vector@_KV?$allocator@_K@std@@@std@@QEAAXXZ 0000000180027410 f i collisioncodegen_CollisionGeometry.obj
 0001:00026490       ?deallocate@?$allocator@N@std@@QEAAXQEAN_K@Z 0000000180027490 f i collisioncodegen_CollisionGeometry.obj
 0001:000264c0       ?deallocate@?$allocator@U_ccd_vec3_t@@@std@@QEAAXQEAU_ccd_vec3_t@@_K@Z 00000001800274c0 f i collisioncodegen_CollisionGeometry.obj
 0001:000264f0       ?deallocate@?$allocator@U_idx_vec3_t@shared_robotics@@@std@@QEAAXQEAU_idx_vec3_t@shared_robotics@@_K@Z 00000001800274f0 f i collisioncodegen_CollisionGeometry.obj
 0001:00026520       ?deallocate@?$allocator@V?$vector@_KV?$allocator@_K@std@@@std@@@std@@QEAAXQEAV?$vector@_KV?$allocator@_K@std@@@2@_K@Z 0000000180027520 f i collisioncodegen_CollisionGeometry.obj
 0001:00026550       ?deallocate@?$allocator@_K@std@@QEAAXQEA_K_K@Z 0000000180027550 f i collisioncodegen_CollisionGeometry.obj
 0001:00026580       ?end@?$vector@NV?$allocator@N@std@@@std@@QEAA?AV?$_Vector_iterator@V?$_Vector_val@U?$_Simple_types@N@std@@@std@@@2@XZ 0000000180027580 f i collisioncodegen_CollisionGeometry.obj
 0001:000265d0       ?end@?$vector@_KV?$allocator@_K@std@@@std@@QEAA?AV?$_Vector_iterator@V?$_Vector_val@U?$_Simple_types@_K@std@@@std@@@2@XZ 00000001800275d0 f i collisioncodegen_CollisionGeometry.obj
 0001:00026620       ?eof@?$_Narrow_char_traits@DH@std@@SAHXZ 0000000180027620 f i collisioncodegen_CollisionGeometry.obj
 0001:00026630       ?eq_int_type@?$_Narrow_char_traits@DH@std@@SA_NAEBH0@Z 0000000180027630 f i collisioncodegen_CollisionGeometry.obj
 0001:00026670       ?erase@?$vector@_KV?$allocator@_K@std@@@std@@QEAA?AV?$_Vector_iterator@V?$_Vector_val@U?$_Simple_types@_K@std@@@std@@@2@V?$_Vector_const_iterator@V?$_Vector_val@U?$_Simple_types@_K@std@@@std@@@2@0@Z 0000000180027670 f i collisioncodegen_CollisionGeometry.obj
 0001:00026750       ?length@?$_Narrow_char_traits@DH@std@@SA_KQEBD@Z 0000000180027750 f i collisioncodegen_CollisionGeometry.obj
 0001:00026770       ?max@?$numeric_limits@_J@std@@SA_JXZ 0000000180027770 f i collisioncodegen_CollisionGeometry.obj
 0001:00026780       ?max_size@?$_Default_allocator_traits@V?$allocator@N@std@@@std@@SA_KAEBV?$allocator@N@2@@Z 0000000180027780 f i collisioncodegen_CollisionGeometry.obj
 0001:00026790       ?max_size@?$_Default_allocator_traits@V?$allocator@V?$vector@_KV?$allocator@_K@std@@@std@@@std@@@std@@SA_KAEBV?$allocator@V?$vector@_KV?$allocator@_K@std@@@std@@@2@@Z 0000000180027790 f i collisioncodegen_CollisionGeometry.obj
 0001:000267a0       ?max_size@?$_Default_allocator_traits@V?$allocator@_K@std@@@std@@SA_KAEBV?$allocator@_K@2@@Z 00000001800277a0 f i collisioncodegen_CollisionGeometry.obj
 0001:000267b0       ?max_size@?$vector@NV?$allocator@N@std@@@std@@QEBA_KXZ 00000001800277b0 f i collisioncodegen_CollisionGeometry.obj
 0001:00026800       ?max_size@?$vector@V?$vector@_KV?$allocator@_K@std@@@std@@V?$allocator@V?$vector@_KV?$allocator@_K@std@@@std@@@2@@std@@QEBA_KXZ 0000000180027800 f i collisioncodegen_CollisionGeometry.obj
 0001:00026850       ?max_size@?$vector@_KV?$allocator@_K@std@@@std@@QEBA_KXZ 0000000180027850 f i collisioncodegen_CollisionGeometry.obj
 0001:000268a0       ?push_back@?$vector@NV?$allocator@N@std@@@std@@QEAAX$$QEAN@Z 00000001800278a0 f i collisioncodegen_CollisionGeometry.obj
 0001:000268d0       ?push_back@?$vector@_KV?$allocator@_K@std@@@std@@QEAAXAEB_K@Z 00000001800278d0 f i collisioncodegen_CollisionGeometry.obj
 0001:00026900       ?resize@?$vector@V?$vector@_KV?$allocator@_K@std@@@std@@V?$allocator@V?$vector@_KV?$allocator@_K@std@@@std@@@2@@std@@QEAAX_K@Z 0000000180027900 f i collisioncodegen_CollisionGeometry.obj
 0001:00026930       ?resize@?$vector@_KV?$allocator@_K@std@@@std@@QEAAX_K@Z 0000000180027930 f i collisioncodegen_CollisionGeometry.obj
 0001:00026960       ?sign@CollisionGeometry@shared_robotics@@IEBAHN@Z 0000000180027960 f i collisioncodegen_CollisionGeometry.obj
 0001:000269b0       ?size@?$vector@_KV?$allocator@_K@std@@@std@@QEBA_KXZ 00000001800279b0 f i collisioncodegen_CollisionGeometry.obj
 0001:000269e0       ?what@exception@std@@UEBAPEBDXZ 00000001800279e0 f i collisioncodegen_CollisionGeometry.obj
 0001:00026a90       collisioncodegen_makeBox   0000000180027a90 f   collisioncodegen_api.obj
 0001:00026b10       collisioncodegen_makeSphere 0000000180027b10 f   collisioncodegen_api.obj
 0001:00026b70       collisioncodegen_makeCylinder 0000000180027b70 f   collisioncodegen_api.obj
 0001:00026be0       collisioncodegen_makeCapsule 0000000180027be0 f   collisioncodegen_api.obj
 0001:00026c60       collisioncodegen_makeMesh  0000000180027c60 f   collisioncodegen_api.obj
 0001:00026cd0       collisioncodegen_intersect 0000000180027cd0 f   collisioncodegen_api.obj
 0001:00026d60       collisioncodegen_destructGeometry 0000000180027d60 f   collisioncodegen_api.obj
 0001:00026dc0       collisioncodegen_copyGeometry 0000000180027dc0 f   collisioncodegen_api.obj
 0001:00026e30       collisioncodegen_getVertices 0000000180027e30 f   collisioncodegen_api.obj
 0001:00026f00       collisioncodegen_getNumVertices 0000000180027f00 f   collisioncodegen_api.obj
 0001:00026f50       collisioncodegen_getX      0000000180027f50 f   collisioncodegen_api.obj
 0001:00026f70       collisioncodegen_getY      0000000180027f70 f   collisioncodegen_api.obj
 0001:00026f90       collisioncodegen_getZ      0000000180027f90 f   collisioncodegen_api.obj
 0001:00026fb0       collisioncodegen_getRadius 0000000180027fb0 f   collisioncodegen_api.obj
 0001:00026fd0       collisioncodegen_getLength 0000000180027fd0 f   collisioncodegen_api.obj
 0001:00026ff0       collisioncodegen_getType   0000000180027ff0 f   collisioncodegen_api.obj
 0001:00027090       ??$?0$$V@?$_Compressed_pair@V?$allocator@D@std@@V?$_String_val@U?$_Simple_types@D@std@@@2@$00@std@@QEAA@U_Zero_then_variadic_args_t@1@@Z 0000000180028090 f i collisioncodegen_api.obj
 0001:000270c0       ??$?0$$V@?$_Compressed_pair@V?$allocator@U_ccd_vec3_t@@@std@@V?$_Vector_val@U?$_Simple_types@U_ccd_vec3_t@@@std@@@2@$00@std@@QEAA@U_Zero_then_variadic_args_t@1@@Z 00000001800280c0 f i collisioncodegen_api.obj
 0001:000270f0       ??$?0$$V@?$_Compressed_pair@V?$allocator@U_idx_vec3_t@shared_robotics@@@std@@V?$_Vector_val@U?$_Simple_types@U_idx_vec3_t@shared_robotics@@@std@@@2@$00@std@@QEAA@U_Zero_then_variadic_args_t@1@@Z 00000001800280f0 f i collisioncodegen_api.obj
 0001:00027120       ??$?0$$V@?$_Compressed_pair@V?$allocator@V?$vector@_KV?$allocator@_K@std@@@std@@@std@@V?$_Vector_val@U?$_Simple_types@V?$vector@_KV?$allocator@_K@std@@@std@@@std@@@2@$00@std@@QEAA@U_Zero_then_variadic_args_t@1@@Z 0000000180028120 f i collisioncodegen_api.obj
 0001:00027150       ??$?0V?$allocator@U_ccd_vec3_t@@@std@@$$V@?$_Compressed_pair@V?$allocator@U_ccd_vec3_t@@@std@@V?$_Vector_val@U?$_Simple_types@U_ccd_vec3_t@@@std@@@2@$00@std@@QEAA@U_One_then_variadic_args_t@1@$$QEAV?$allocator@U_ccd_vec3_t@@@1@@Z 0000000180028150 f i collisioncodegen_api.obj
 0001:00027190       ??$?0V?$allocator@U_idx_vec3_t@shared_robotics@@@std@@$$V@?$_Compressed_pair@V?$allocator@U_idx_vec3_t@shared_robotics@@@std@@V?$_Vector_val@U?$_Simple_types@U_idx_vec3_t@shared_robotics@@@std@@@2@$00@std@@QEAA@U_One_then_variadic_args_t@1@$$QEAV?$allocator@U_idx_vec3_t@shared_robotics@@@1@@Z 0000000180028190 f i collisioncodegen_api.obj
 0001:000271d0       ??$?0V?$allocator@V?$vector@_KV?$allocator@_K@std@@@std@@@std@@$$V@?$_Compressed_pair@V?$allocator@V?$vector@_KV?$allocator@_K@std@@@std@@@std@@V?$_Vector_val@U?$_Simple_types@V?$vector@_KV?$allocator@_K@std@@@std@@@std@@@2@$00@std@@QEAA@U_One_then_variadic_args_t@1@$$QEAV?$allocator@V?$vector@_KV?$allocator@_K@std@@@std@@@1@@Z 00000001800281d0 f i collisioncodegen_api.obj
 0001:00027210       ??$?0V?$allocator@_K@std@@$$V@?$_Compressed_pair@V?$allocator@_K@std@@V?$_Vector_val@U?$_Simple_types@_K@std@@@2@$00@std@@QEAA@U_One_then_variadic_args_t@1@$$QEAV?$allocator@_K@1@@Z 0000000180028210 f i collisioncodegen_api.obj
 0001:00027250       ??$_Construct@$00PEBD@?$basic_string@DU?$char_traits@D@std@@V?$allocator@D@2@@std@@AEAAXQEBD_K@Z 0000000180028250 f i collisioncodegen_api.obj
 0001:00027420       ??$_Construct_in_place@PEADAEBQEAD@std@@YAXAEAPEADAEBQEAD@Z 0000000180028420 f i collisioncodegen_api.obj
 0001:00027470       ??$_Construct_in_place@U_ccd_vec3_t@@AEBU1@@std@@YAXAEAU_ccd_vec3_t@@AEBU1@@Z 0000000180028470 f i collisioncodegen_api.obj
 0001:000274c0       ??$_Construct_n@AEBQEAU_ccd_vec3_t@@AEBQEAU1@@?$vector@U_ccd_vec3_t@@V?$allocator@U_ccd_vec3_t@@@std@@@std@@AEAAX_KAEBQEAU_ccd_vec3_t@@1@Z 00000001800284c0 f i collisioncodegen_api.obj
 0001:000275a0       ??$_Construct_n@AEBQEAU_idx_vec3_t@shared_robotics@@AEBQEAU12@@?$vector@U_idx_vec3_t@shared_robotics@@V?$allocator@U_idx_vec3_t@shared_robotics@@@std@@@std@@AEAAX_KAEBQEAU_idx_vec3_t@shared_robotics@@1@Z 00000001800285a0 f i collisioncodegen_api.obj
 0001:00027680       ??$_Construct_n@AEBQEAV?$vector@_KV?$allocator@_K@std@@@std@@AEBQEAV12@@?$vector@V?$vector@_KV?$allocator@_K@std@@@std@@V?$allocator@V?$vector@_KV?$allocator@_K@std@@@std@@@2@@std@@AEAAX_KAEBQEAV?$vector@_KV?$allocator@_K@std@@@1@1@Z 0000000180028680 f i collisioncodegen_api.obj
 0001:00027760       ??$_Construct_n@AEBQEA_KAEBQEA_K@?$vector@_KV?$allocator@_K@std@@@std@@AEAAX_KAEBQEA_K1@Z 0000000180028760 f i collisioncodegen_api.obj
 0001:00027840       ??$_Convert_size@_K_K@std@@YA_K_K@Z 0000000180028840 f i collisioncodegen_api.obj
 0001:00027850       ??$_Copy_memmove@PEAU_ccd_vec3_t@@PEAU1@@std@@YAPEAU_ccd_vec3_t@@PEAU1@00@Z 0000000180028850 f i collisioncodegen_api.obj
 0001:000278f0       ??$_Copy_memmove@PEAU_idx_vec3_t@shared_robotics@@PEAU12@@std@@YAPEAU_idx_vec3_t@shared_robotics@@PEAU12@00@Z 00000001800288f0 f i collisioncodegen_api.obj
 0001:00027990       ??$_Destroy_in_place@PEAD@std@@YAXAEAPEAD@Z 0000000180028990 f i collisioncodegen_api.obj
 0001:000279a0       ??$_Emplace_back@AEAU_ccd_vec3_t@@@?$_Uninitialized_backout_al@V?$allocator@U_ccd_vec3_t@@@std@@@std@@QEAAXAEAU_ccd_vec3_t@@@Z 00000001800289a0 f i collisioncodegen_api.obj
 0001:00027a00       ??$_Emplace_back@AEAU_idx_vec3_t@shared_robotics@@@?$_Uninitialized_backout_al@V?$allocator@U_idx_vec3_t@shared_robotics@@@std@@@std@@QEAAXAEAU_idx_vec3_t@shared_robotics@@@Z 0000000180028a00 f i collisioncodegen_api.obj
 0001:00027a60       ??$_Emplace_back@AEAV?$vector@_KV?$allocator@_K@std@@@std@@@?$_Uninitialized_backout_al@V?$allocator@V?$vector@_KV?$allocator@_K@std@@@std@@@std@@@std@@QEAAXAEAV?$vector@_KV?$allocator@_K@std@@@1@@Z 0000000180028a60 f i collisioncodegen_api.obj
 0001:00027ac0       ??$_Emplace_back@AEA_K@?$_Uninitialized_backout_al@V?$allocator@_K@std@@@std@@QEAAXAEA_K@Z 0000000180028ac0 f i collisioncodegen_api.obj
 0001:00027b20       ??$_Emplace_back@U_ccd_vec3_t@@@?$_Uninitialized_backout_al@V?$allocator@U_ccd_vec3_t@@@std@@@std@@QEAAX$$QEAU_ccd_vec3_t@@@Z 0000000180028b20 f i collisioncodegen_api.obj
 0001:00027b80       ??$_Emplace_back_with_unused_capacity@AEBU_ccd_vec3_t@@@?$vector@U_ccd_vec3_t@@V?$allocator@U_ccd_vec3_t@@@std@@@std@@AEAAAEAU_ccd_vec3_t@@AEBU2@@Z 0000000180028b80 f i collisioncodegen_api.obj
 0001:00027c10       ??$_Emplace_one_at_back@AEBU_ccd_vec3_t@@@?$vector@U_ccd_vec3_t@@V?$allocator@U_ccd_vec3_t@@@std@@@std@@AEAAAEAU_ccd_vec3_t@@AEBU2@@Z 0000000180028c10 f i collisioncodegen_api.obj
 0001:00027c90       ??$_Emplace_reallocate@AEBU_ccd_vec3_t@@@?$vector@U_ccd_vec3_t@@V?$allocator@U_ccd_vec3_t@@@std@@@std@@AEAAPEAU_ccd_vec3_t@@QEAU2@AEBU2@@Z 0000000180028c90 f i collisioncodegen_api.obj
 0001:00027eb0       ??$_Get_size_of_n@$00@std@@YA_K_K@Z 0000000180028eb0 f i collisioncodegen_api.obj
 0001:00027ed0       ??$_Get_unwrapped@AEBQEAU_ccd_vec3_t@@@std@@YA?A_TAEBQEAU_ccd_vec3_t@@@Z 0000000180028ed0 f i collisioncodegen_api.obj
 0001:00027ee0       ??$_Get_unwrapped@PEAU_ccd_vec3_t@@@std@@YA?A_T$$QEAPEAU_ccd_vec3_t@@@Z 0000000180028ee0 f i collisioncodegen_api.obj
 0001:00027ef0       ??$_Get_unwrapped@PEAU_idx_vec3_t@shared_robotics@@@std@@YA?A_T$$QEAPEAU_idx_vec3_t@shared_robotics@@@Z 0000000180028ef0 f i collisioncodegen_api.obj
 0001:00027f00       ??$_Get_unwrapped@PEAV?$vector@_KV?$allocator@_K@std@@@std@@@std@@YA?A_T$$QEAPEAV?$vector@_KV?$allocator@_K@std@@@0@@Z 0000000180028f00 f i collisioncodegen_api.obj
 0001:00027f10       ??$_Get_unwrapped@PEA_K@std@@YA?A_T$$QEAPEA_K@Z 0000000180028f10 f i collisioncodegen_api.obj
 0001:00027f20       ??$_To_address@PEAU_ccd_vec3_t@@@std@@YA?A_PAEBQEAU_ccd_vec3_t@@@Z 0000000180028f20 f i collisioncodegen_api.obj
 0001:00027f30       ??$_To_address@PEAU_idx_vec3_t@shared_robotics@@@std@@YA?A_PAEBQEAU_idx_vec3_t@shared_robotics@@@Z 0000000180028f30 f i collisioncodegen_api.obj
 0001:00027f40       ??$_Unfancy@D@std@@YAPEADPEAD@Z 0000000180028f40 f i collisioncodegen_api.obj
 0001:00027f50       ??$_Unfancy@U_ccd_vec3_t@@@std@@YAPEAU_ccd_vec3_t@@PEAU1@@Z 0000000180028f50 f i collisioncodegen_api.obj
 0001:00027f60       ??$_Unfancy@U_idx_vec3_t@shared_robotics@@@std@@YAPEAU_idx_vec3_t@shared_robotics@@PEAU12@@Z 0000000180028f60 f i collisioncodegen_api.obj
 0001:00027f70       ??$_Uninitialized_copy@PEAU_ccd_vec3_t@@PEAU1@V?$allocator@U_ccd_vec3_t@@@std@@@std@@YAPEAU_ccd_vec3_t@@PEAU1@00AEAV?$allocator@U_ccd_vec3_t@@@0@@Z 0000000180028f70 f i collisioncodegen_api.obj
 0001:000280b0       ??$_Uninitialized_copy@PEAU_idx_vec3_t@shared_robotics@@PEAU12@V?$allocator@U_idx_vec3_t@shared_robotics@@@std@@@std@@YAPEAU_idx_vec3_t@shared_robotics@@PEAU12@00AEAV?$allocator@U_idx_vec3_t@shared_robotics@@@0@@Z 00000001800290b0 f i collisioncodegen_api.obj
 0001:000281f0       ??$_Uninitialized_copy@PEAV?$vector@_KV?$allocator@_K@std@@@std@@PEAV12@V?$allocator@V?$vector@_KV?$allocator@_K@std@@@std@@@2@@std@@YAPEAV?$vector@_KV?$allocator@_K@std@@@0@PEAV10@00AEAV?$allocator@V?$vector@_KV?$allocator@_K@std@@@std@@@0@@Z 00000001800291f0 f i collisioncodegen_api.obj
 0001:000282b0       ??$_Uninitialized_copy@PEA_KPEA_KV?$allocator@_K@std@@@std@@YAPEA_KPEA_K00AEAV?$allocator@_K@0@@Z 00000001800292b0 f i collisioncodegen_api.obj
 0001:000283e0       ??$_Uninitialized_move@PEAU_ccd_vec3_t@@V?$allocator@U_ccd_vec3_t@@@std@@@std@@YAPEAU_ccd_vec3_t@@QEAU1@0PEAU1@AEAV?$allocator@U_ccd_vec3_t@@@0@@Z 00000001800293e0 f i collisioncodegen_api.obj
 0001:000284d0       ??$addressof@PEAD@std@@YAPEAPEADAEAPEAD@Z 00000001800294d0 f i collisioncodegen_api.obj
 0001:000284e0       ??$addressof@U_ccd_vec3_t@@@std@@YAPEAU_ccd_vec3_t@@AEAU1@@Z 00000001800294e0 f i collisioncodegen_api.obj
 0001:000284f0       ??$construct@U_ccd_vec3_t@@AEAU1@@?$_Default_allocator_traits@V?$allocator@U_ccd_vec3_t@@@std@@@std@@SAXAEAV?$allocator@U_ccd_vec3_t@@@1@QEAU_ccd_vec3_t@@AEAU3@@Z 00000001800294f0 f i collisioncodegen_api.obj
 0001:00028540       ??$construct@U_ccd_vec3_t@@AEBU1@@?$_Default_allocator_traits@V?$allocator@U_ccd_vec3_t@@@std@@@std@@SAXAEAV?$allocator@U_ccd_vec3_t@@@1@QEAU_ccd_vec3_t@@AEBU3@@Z 0000000180029540 f i collisioncodegen_api.obj
 0001:00028590       ??$construct@U_ccd_vec3_t@@U1@@?$_Default_allocator_traits@V?$allocator@U_ccd_vec3_t@@@std@@@std@@SAXAEAV?$allocator@U_ccd_vec3_t@@@1@QEAU_ccd_vec3_t@@$$QEAU3@@Z 0000000180029590 f i collisioncodegen_api.obj
 0001:000285e0       ??$construct@U_idx_vec3_t@shared_robotics@@AEAU12@@?$_Default_allocator_traits@V?$allocator@U_idx_vec3_t@shared_robotics@@@std@@@std@@SAXAEAV?$allocator@U_idx_vec3_t@shared_robotics@@@1@QEAU_idx_vec3_t@shared_robotics@@AEAU34@@Z 00000001800295e0 f i collisioncodegen_api.obj
 0001:00028630       ??$construct@V?$vector@_KV?$allocator@_K@std@@@std@@AEAV12@@?$_Default_allocator_traits@V?$allocator@V?$vector@_KV?$allocator@_K@std@@@std@@@std@@@std@@SAXAEAV?$allocator@V?$vector@_KV?$allocator@_K@std@@@std@@@1@QEAV?$vector@_KV?$allocator@_K@std@@@1@AEAV31@@Z 0000000180029630 f i collisioncodegen_api.obj
 0001:00028680       ??$construct@_KAEA_K@?$_Default_allocator_traits@V?$allocator@_K@std@@@std@@SAXAEAV?$allocator@_K@1@QEA_KAEA_K@Z 0000000180029680 f i collisioncodegen_api.obj
 0001:000286d0       ??$forward@AEAU_ccd_vec3_t@@@std@@YAAEAU_ccd_vec3_t@@AEAU1@@Z 00000001800296d0 f i collisioncodegen_api.obj
 0001:000286e0       ??$forward@AEAU_idx_vec3_t@shared_robotics@@@std@@YAAEAU_idx_vec3_t@shared_robotics@@AEAU12@@Z 00000001800296e0 f i collisioncodegen_api.obj
 0001:000286f0       ??$forward@AEAV?$vector@_KV?$allocator@_K@std@@@std@@@std@@YAAEAV?$vector@_KV?$allocator@_K@std@@@0@AEAV10@@Z 00000001800296f0 f i collisioncodegen_api.obj
 0001:00028700       ??$forward@AEA_K@std@@YAAEA_KAEA_K@Z 0000000180029700 f i collisioncodegen_api.obj
 0001:00028710       ??$forward@AEBQEAD@std@@YAAEBQEADAEBQEAD@Z 0000000180029710 f i collisioncodegen_api.obj
 0001:00028720       ??$forward@AEBQEAU_ccd_vec3_t@@@std@@YAAEBQEAU_ccd_vec3_t@@AEBQEAU1@@Z 0000000180029720 f i collisioncodegen_api.obj
 0001:00028730       ??$forward@AEBQEAU_idx_vec3_t@shared_robotics@@@std@@YAAEBQEAU_idx_vec3_t@shared_robotics@@AEBQEAU12@@Z 0000000180029730 f i collisioncodegen_api.obj
 0001:00028740       ??$forward@AEBQEAV?$vector@_KV?$allocator@_K@std@@@std@@@std@@YAAEBQEAV?$vector@_KV?$allocator@_K@std@@@0@AEBQEAV10@@Z 0000000180029740 f i collisioncodegen_api.obj
 0001:00028750       ??$forward@AEBU_ccd_vec3_t@@@std@@YAAEBU_ccd_vec3_t@@AEBU1@@Z 0000000180029750 f i collisioncodegen_api.obj
 0001:00028760       ??$forward@U_ccd_vec3_t@@@std@@YA$$QEAU_ccd_vec3_t@@AEAU1@@Z 0000000180029760 f i collisioncodegen_api.obj
 0001:00028770       ??$forward@V?$allocator@U_ccd_vec3_t@@@std@@@std@@YA$$QEAV?$allocator@U_ccd_vec3_t@@@0@AEAV10@@Z 0000000180029770 f i collisioncodegen_api.obj
 0001:00028780       ??$forward@V?$allocator@U_idx_vec3_t@shared_robotics@@@std@@@std@@YA$$QEAV?$allocator@U_idx_vec3_t@shared_robotics@@@0@AEAV10@@Z 0000000180029780 f i collisioncodegen_api.obj
 0001:00028790       ??$forward@V?$allocator@V?$vector@_KV?$allocator@_K@std@@@std@@@std@@@std@@YA$$QEAV?$allocator@V?$vector@_KV?$allocator@_K@std@@@std@@@0@AEAV10@@Z 0000000180029790 f i collisioncodegen_api.obj
 0001:000287a0       ??$max@_K@std@@YAAEB_KAEB_K0@Z 00000001800297a0 f i collisioncodegen_api.obj
 0001:000287f0       ??$move@AEAPEAU_ccd_vec3_t@@@std@@YA$$QEAPEAU_ccd_vec3_t@@AEAPEAU1@@Z 00000001800297f0 f i collisioncodegen_api.obj
 0001:00028800       ??$move@AEAPEAU_idx_vec3_t@shared_robotics@@@std@@YA$$QEAPEAU_idx_vec3_t@shared_robotics@@AEAPEAU12@@Z 0000000180029800 f i collisioncodegen_api.obj
 0001:00028810       ??$move@AEAPEAV?$vector@_KV?$allocator@_K@std@@@std@@@std@@YA$$QEAPEAV?$vector@_KV?$allocator@_K@std@@@0@AEAPEAV10@@Z 0000000180029810 f i collisioncodegen_api.obj
 0001:00028820       ??$move@AEAPEA_K@std@@YA$$QEAPEA_KAEAPEA_K@Z 0000000180029820 f i collisioncodegen_api.obj
 0001:00028830       ??$move@AEAU_ccd_vec3_t@@@std@@YA$$QEAU_ccd_vec3_t@@AEAU1@@Z 0000000180029830 f i collisioncodegen_api.obj
 0001:00028840       ??0?$_String_val@U?$_Simple_types@D@std@@@std@@QEAA@XZ 0000000180029840 f i collisioncodegen_api.obj
 0001:00028880       ??0?$_Uninitialized_backout_al@V?$allocator@U_ccd_vec3_t@@@std@@@std@@QEAA@PEAU_ccd_vec3_t@@AEAV?$allocator@U_ccd_vec3_t@@@1@@Z 0000000180029880 f i collisioncodegen_api.obj
 0001:000288c0       ??0?$_Uninitialized_backout_al@V?$allocator@U_idx_vec3_t@shared_robotics@@@std@@@std@@QEAA@PEAU_idx_vec3_t@shared_robotics@@AEAV?$allocator@U_idx_vec3_t@shared_robotics@@@1@@Z 00000001800298c0 f i collisioncodegen_api.obj
 0001:00028900       ??0?$_Vector_val@U?$_Simple_types@U_ccd_vec3_t@@@std@@@std@@QEAA@XZ 0000000180029900 f i collisioncodegen_api.obj
 0001:00028940       ??0?$_Vector_val@U?$_Simple_types@U_idx_vec3_t@shared_robotics@@@std@@@std@@QEAA@XZ 0000000180029940 f i collisioncodegen_api.obj
 0001:00028980       ??0?$_Vector_val@U?$_Simple_types@V?$vector@_KV?$allocator@_K@std@@@std@@@std@@@std@@QEAA@XZ 0000000180029980 f i collisioncodegen_api.obj
 0001:000289c0       ??0?$allocator@D@std@@QEAA@XZ 00000001800299c0 f i collisioncodegen_api.obj
 0001:000289d0       ??0?$allocator@U_ccd_vec3_t@@@std@@QEAA@XZ 00000001800299d0 f i collisioncodegen_api.obj
 0001:000289e0       ??0?$allocator@U_idx_vec3_t@shared_robotics@@@std@@QEAA@XZ 00000001800299e0 f i collisioncodegen_api.obj
 0001:000289f0       ??0?$allocator@V?$vector@_KV?$allocator@_K@std@@@std@@@std@@QEAA@XZ 00000001800299f0 f i collisioncodegen_api.obj
 0001:00028a00       ??0?$basic_string@DU?$char_traits@D@std@@V?$allocator@D@2@@std@@QEAA@QEBD@Z 0000000180029a00 f i collisioncodegen_api.obj
 0001:00028a50       ??0?$vector@U_ccd_vec3_t@@V?$allocator@U_ccd_vec3_t@@@std@@@std@@QEAA@AEBV01@@Z 0000000180029a50 f i collisioncodegen_api.obj
 0001:00028af0       ??0?$vector@U_ccd_vec3_t@@V?$allocator@U_ccd_vec3_t@@@std@@@std@@QEAA@XZ 0000000180029af0 f i collisioncodegen_api.obj
 0001:00028b30       ??0?$vector@U_idx_vec3_t@shared_robotics@@V?$allocator@U_idx_vec3_t@shared_robotics@@@std@@@std@@QEAA@AEBV01@@Z 0000000180029b30 f i collisioncodegen_api.obj
 0001:00028bd0       ??0?$vector@U_idx_vec3_t@shared_robotics@@V?$allocator@U_idx_vec3_t@shared_robotics@@@std@@@std@@QEAA@XZ 0000000180029bd0 f i collisioncodegen_api.obj
 0001:00028c10       ??0?$vector@V?$vector@_KV?$allocator@_K@std@@@std@@V?$allocator@V?$vector@_KV?$allocator@_K@std@@@std@@@2@@std@@QEAA@AEBV01@@Z 0000000180029c10 f i collisioncodegen_api.obj
 0001:00028cb0       ??0?$vector@V?$vector@_KV?$allocator@_K@std@@@std@@V?$allocator@V?$vector@_KV?$allocator@_K@std@@@std@@@2@@std@@QEAA@XZ 0000000180029cb0 f i collisioncodegen_api.obj
 0001:00028cf0       ??0?$vector@_KV?$allocator@_K@std@@@std@@QEAA@AEBV01@@Z 0000000180029cf0 f i collisioncodegen_api.obj
 0001:00028d80       ??0CollisionGeometry@shared_robotics@@QEAA@AEBV01@@Z 0000000180029d80 f i collisioncodegen_api.obj
 0001:00028ee0       ??0CollisionGeometry@shared_robotics@@QEAA@N@Z 0000000180029ee0 f i collisioncodegen_api.obj
 0001:00028f70       ??0CollisionGeometry@shared_robotics@@QEAA@NN@Z 0000000180029f70 f i collisioncodegen_api.obj
 0001:00029010       ??0CollisionGeometry@shared_robotics@@QEAA@NNN@Z 000000018002a010 f i collisioncodegen_api.obj
 0001:000290c0       ??0CollisionGeometry@shared_robotics@@QEAA@PEANH_N@Z 000000018002a0c0 f i collisioncodegen_api.obj
 0001:000292b0       ??0_Bxty@?$_String_val@U?$_Simple_types@D@std@@@std@@QEAA@XZ 000000018002a2b0 f i collisioncodegen_api.obj
[...]
 0003:00005680       $SG18688                   000000018003a680     SCARA_Control_System_cgxe_registry.obj
 0003:000056f8       $SG18993                   000000018003a6f8     SCARA_Control_System_cgxe_registry.obj
 0003:00005718       $SG18994                   000000018003a718     SCARA_Control_System_cgxe_registry.obj
 0003:00005738       $SG19006                   000000018003a738     SCARA_Control_System_cgxe_registry.obj
 0003:00005748       $SG19142                   000000018003a748     SCARA_Control_System_cgxe_registry.obj
 0003:00005788       $SG19143                   000000018003a788     SCARA_Control_System_cgxe_registry.obj
 0003:00005798       $SG19144                   000000018003a798     SCARA_Control_System_cgxe_registry.obj
 0003:000057a0       $SG19148                   000000018003a7a0     SCARA_Control_System_cgxe_registry.obj
 0003:000057e8       $SG19149                   000000018003a7e8     SCARA_Control_System_cgxe_registry.obj
 0003:000057f8       $SG19150                   000000018003a7f8     SCARA_Control_System_cgxe_registry.obj
 0003:00005800       $SG19151                   000000018003a800     SCARA_Control_System_cgxe_registry.obj
 0003:00005858       $SG19152                   000000018003a858     SCARA_Control_System_cgxe_registry.obj
 0003:00005868       $SG19153                   000000018003a868     SCARA_Control_System_cgxe_registry.obj
 0003:00005870       $SG19173                   000000018003a870     SCARA_Control_System_cgxe_registry.obj
 0003:000058b0       $SG19174                   000000018003a8b0     SCARA_Control_System_cgxe_registry.obj
 0003:000058c0       $SG19175                   000000018003a8c0     SCARA_Control_System_cgxe_registry.obj
 0003:000058d0       $SG19179                   000000018003a8d0     SCARA_Control_System_cgxe_registry.obj
 0003:00005918       $SG19180                   000000018003a918     SCARA_Control_System_cgxe_registry.obj
 0003:00005928       $SG19181                   000000018003a928     SCARA_Control_System_cgxe_registry.obj
 0003:00005930       $SG19182                   000000018003a930     SCARA_Control_System_cgxe_registry.obj
 0003:00005988       $SG19183                   000000018003a988     SCARA_Control_System_cgxe_registry.obj
 0003:00005998       $SG19184                   000000018003a998     SCARA_Control_System_cgxe_registry.obj
 0003:000059a0       $SG19203                   000000018003a9a0     SCARA_Control_System_cgxe_registry.obj
 0003:000059f0       $SG19204                   000000018003a9f0     SCARA_Control_System_cgxe_registry.obj
 0003:00005a00       $SG19205                   000000018003aa00     SCARA_Control_System_cgxe_registry.obj
 0003:00005a10       $SG19214                   000000018003aa10     SCARA_Control_System_cgxe_registry.obj
 0003:00005a70       $SG19215                   000000018003aa70     SCARA_Control_System_cgxe_registry.obj
 0003:00005a78       $SG19216                   000000018003aa78     SCARA_Control_System_cgxe_registry.obj
 0003:00005a80       $SG19225                   000000018003aa80     SCARA_Control_System_cgxe_registry.obj
 0003:00005ae0       $SG19226                   000000018003aae0     SCARA_Control_System_cgxe_registry.obj
 0003:00005ae8       $SG19227                   000000018003aae8     SCARA_Control_System_cgxe_registry.obj
 0003:00005af0       $SG19533                   000000018003aaf0     SCARA_Control_System_cgxe_registry.obj
 0003:00005b70       $SG19536                   000000018003ab70     SCARA_Control_System_cgxe_registry.obj
 0003:00005bf0       $SG19541                   000000018003abf0     SCARA_Control_System_cgxe_registry.obj
 0003:00005c70       $SG19549                   000000018003ac70     SCARA_Control_System_cgxe_registry.obj
 0003:00005ce0       $SG19822                   000000018003ace0     SCARA_Control_System_cgxe_registry.obj
 0003:00005d60       $SG19827                   000000018003ad60     SCARA_Control_System_cgxe_registry.obj
 0003:00005dd8       $SG20151                   000000018003add8     SCARA_Control_System_cgxe_registry.obj
 0003:00005df0       $SG20164                   000000018003adf0     SCARA_Control_System_cgxe_registry.obj
 0003:00005e68       $SG20167                   000000018003ae68     SCARA_Control_System_cgxe_registry.obj
 0003:00005e6c       $SG20219                   000000018003ae6c     SCARA_Control_System_cgxe_registry.obj
 0003:00005e74       $SG20220                   000000018003ae74     SCARA_Control_System_cgxe_registry.obj
 0003:00005e7c       $SG20221                   000000018003ae7c     SCARA_Control_System_cgxe_registry.obj
 0003:00005e90       $SG20222                   000000018003ae90     SCARA_Control_System_cgxe_registry.obj
 0003:00005f10       $SG20224                   000000018003af10     SCARA_Control_System_cgxe_registry.obj
 0003:00005f8c       $SG20227                   000000018003af8c     SCARA_Control_System_cgxe_registry.obj
 0003:00005f94       $SG20230                   000000018003af94     SCARA_Control_System_cgxe_registry.obj
 0003:00005f9c       $SG20233                   000000018003af9c     SCARA_Control_System_cgxe_registry.obj
 0003:00005fb0       $SG20234                   000000018003afb0     SCARA_Control_System_cgxe_registry.obj
 0003:00006030       $SG20235                   000000018003b030     SCARA_Control_System_cgxe_registry.obj
 0003:00006040       $SG20237                   000000018003b040     SCARA_Control_System_cgxe_registry.obj
 0003:0000604c       $SG20239                   000000018003b04c     SCARA_Control_System_cgxe_registry.obj
 0003:00006054       $SG20241                   000000018003b054     SCARA_Control_System_cgxe_registry.obj
 0003:00006060       $SG20243                   000000018003b060     SCARA_Control_System_cgxe_registry.obj
 0003:0000606c       $SG20245                   000000018003b06c     SCARA_Control_System_cgxe_registry.obj
 0003:00006070       $SG20248                   000000018003b070     SCARA_Control_System_cgxe_registry.obj
 0003:00006158       $SG20358                   000000018003b158     SCARA_Control_System_cgxe_registry.obj
 0003:00006188       $SG20359                   000000018003b188     SCARA_Control_System_cgxe_registry.obj
 0003:00006198       $SG20360                   000000018003b198     SCARA_Control_System_cgxe_registry.obj
 0003:000061a0       $SG20362                   000000018003b1a0     SCARA_Control_System_cgxe_registry.obj
 0003:000061d8       $SG20363                   000000018003b1d8     SCARA_Control_System_cgxe_registry.obj
 0003:000061e8       $SG20364                   000000018003b1e8     SCARA_Control_System_cgxe_registry.obj
 0003:000061f0       $SG20367                   000000018003b1f0     SCARA_Control_System_cgxe_registry.obj
 0003:00006228       $SG20368                   000000018003b228     SCARA_Control_System_cgxe_registry.obj
 0003:00006238       $SG20369                   000000018003b238     SCARA_Control_System_cgxe_registry.obj
 0003:00006240       $SG20371                   000000018003b240     SCARA_Control_System_cgxe_registry.obj
 0003:00006278       $SG20372                   000000018003b278     SCARA_Control_System_cgxe_registry.obj
 0003:00006288       $SG20373                   000000018003b288     SCARA_Control_System_cgxe_registry.obj
 0003:00006290       $SG20375                   000000018003b290     SCARA_Control_System_cgxe_registry.obj
 0003:000062c8       $SG20376                   000000018003b2c8     SCARA_Control_System_cgxe_registry.obj
 0003:000062d8       $SG20377                   000000018003b2d8     SCARA_Control_System_cgxe_registry.obj
 0003:000062e0       $SG20380                   000000018003b2e0     SCARA_Control_System_cgxe_registry.obj
 0003:00006300       $SG20382                   000000018003b300     SCARA_Control_System_cgxe_registry.obj
 0003:00006318       $SG20383                   000000018003b318     SCARA_Control_System_cgxe_registry.obj
 0003:00006350       $SG20384                   000000018003b350     SCARA_Control_System_cgxe_registry.obj
 0003:00006360       $SG20385                   000000018003b360     SCARA_Control_System_cgxe_registry.obj
 0003:00006368       $SG20516                   000000018003b368     SCARA_Control_System_cgxe_registry.obj
 0003:00006390       $SG20517                   000000018003b390     SCARA_Control_System_cgxe_registry.obj
 0003:00006420       $SG20523                   000000018003b420     SCARA_Control_System_cgxe_registry.obj
 0003:00006440       $SG20524                   000000018003b440     SCARA_Control_System_cgxe_registry.obj
 0003:000064d0       $SG20530                   000000018003b4d0     SCARA_Control_System_cgxe_registry.obj
 0003:000064f0       $SG20531                   000000018003b4f0     SCARA_Control_System_cgxe_registry.obj
 0003:00006580       $SG20537                   000000018003b580     SCARA_Control_System_cgxe_registry.obj
 0003:000065a0       $SG20538                   000000018003b5a0     SCARA_Control_System_cgxe_registry.obj
 0003:00006630       $SG20544                   000000018003b630     SCARA_Control_System_cgxe_registry.obj
 0003:00006650       $SG20545                   000000018003b650     SCARA_Control_System_cgxe_registry.obj
 0003:000066e0       $SG20549                   000000018003b6e0     SCARA_Control_System_cgxe_registry.obj
 0003:00006700       $SG20550                   000000018003b700     SCARA_Control_System_cgxe_registry.obj
 0003:00006790       $SG20554                   000000018003b790     SCARA_Control_System_cgxe_registry.obj
 0003:000067c0       $SG20555                   000000018003b7c0     SCARA_Control_System_cgxe_registry.obj
 0003:00006850       $SG20559                   000000018003b850     SCARA_Control_System_cgxe_registry.obj
 0003:00006880       $SG20560                   000000018003b880     SCARA_Control_System_cgxe_registry.obj
 0003:00006910       $SG20564                   000000018003b910     SCARA_Control_System_cgxe_registry.obj
 0003:00006930       $SG20565                   000000018003b930     SCARA_Control_System_cgxe_registry.obj
 0003:000069c0       $SG20569                   000000018003b9c0     SCARA_Control_System_cgxe_registry.obj
 0003:000069e0       $SG20570                   000000018003b9e0     SCARA_Control_System_cgxe_registry.obj
 0003:00006a70       $SG20574                   000000018003ba70     SCARA_Control_System_cgxe_registry.obj
 0003:00006a90       $SG20575                   000000018003ba90     SCARA_Control_System_cgxe_registry.obj
 0003:00006b20       $SG20579                   000000018003bb20     SCARA_Control_System_cgxe_registry.obj
 0003:00006b40       $SG20580                   000000018003bb40     SCARA_Control_System_cgxe_registry.obj
 0003:00006bd0       $SG20584                   000000018003bbd0     SCARA_Control_System_cgxe_registry.obj
 0003:00006bf0       $SG20585                   000000018003bbf0     SCARA_Control_System_cgxe_registry.obj
 0003:00006c80       $SG20589                   000000018003bc80     SCARA_Control_System_cgxe_registry.obj
 0003:00006ca0       $SG20590                   000000018003bca0     SCARA_Control_System_cgxe_registry.obj
 0003:00006d30       $SG20594                   000000018003bd30     SCARA_Control_System_cgxe_registry.obj
 0003:00006d50       $SG20595                   000000018003bd50     SCARA_Control_System_cgxe_registry.obj
 0003:00006de0       $SG20599                   000000018003bde0     SCARA_Control_System_cgxe_registry.obj
 0003:00006e00       $SG20600                   000000018003be00     SCARA_Control_System_cgxe_registry.obj
 0003:00006e90       $SG20604                   000000018003be90     SCARA_Control_System_cgxe_registry.obj
 0003:00006eb0       $SG20605                   000000018003beb0     SCARA_Control_System_cgxe_registry.obj
 0003:00006f40       $SG20610                   000000018003bf40     SCARA_Control_System_cgxe_registry.obj
 0003:00006f60       $SG20611                   000000018003bf60     SCARA_Control_System_cgxe_registry.obj
 0003:00006ff0       $SG20616                   000000018003bff0     SCARA_Control_System_cgxe_registry.obj
 0003:00007010       $SG20617                   000000018003c010     SCARA_Control_System_cgxe_registry.obj
 0003:000070a0       $SG20621                   000000018003c0a0     SCARA_Control_System_cgxe_registry.obj
 0003:000070b0       $SG20622                   000000018003c0b0     SCARA_Control_System_cgxe_registry.obj
 0003:00007140       $SG20626                   000000018003c140     SCARA_Control_System_cgxe_registry.obj
 0003:00007160       $SG20627                   000000018003c160     SCARA_Control_System_cgxe_registry.obj
 0003:000071f0       $SG20635                   000000018003c1f0     SCARA_Control_System_cgxe_registry.obj
 0003:00007200       $SG20636                   000000018003c200     SCARA_Control_System_cgxe_registry.obj
 0003:00007290       $SG20640                   000000018003c290     SCARA_Control_System_cgxe_registry.obj
 0003:00007310       $SG20642                   000000018003c310     SCARA_Control_System_cgxe_registry.obj
 0003:00007390       $SG20646                   000000018003c390     SCARA_Control_System_cgxe_registry.obj
 0003:00007410       $SG20669                   000000018003c410     SCARA_Control_System_cgxe_registry.obj
 0003:00007528       $SG20677                   000000018003c528     SCARA_Control_System_cgxe_registry.obj
 0003:00007538       $SG20684                   000000018003c538     SCARA_Control_System_cgxe_registry.obj
 0003:00007548       $SG20692                   000000018003c548     SCARA_Control_System_cgxe_registry.obj
 0003:00007558       $SG20699                   000000018003c558     SCARA_Control_System_cgxe_registry.obj
 0003:00007568       $SG20707                   000000018003c568     SCARA_Control_System_cgxe_registry.obj
 0003:00007578       $SG20714                   000000018003c578     SCARA_Control_System_cgxe_registry.obj
 0003:00007588       $SG20720                   000000018003c588     SCARA_Control_System_cgxe_registry.obj
 0003:000075a8       $SG20730                   000000018003c5a8     SCARA_Control_System_cgxe_registry.obj
 0003:000075d8       $SG20731                   000000018003c5d8     SCARA_Control_System_cgxe_registry.obj
 0003:000075e0       $SG20732                   000000018003c5e0     SCARA_Control_System_cgxe_registry.obj
 0003:000075e8       $SG20742                   000000018003c5e8     SCARA_Control_System_cgxe_registry.obj
 0003:00007620       $SG20743                   000000018003c620     SCARA_Control_System_cgxe_registry.obj
 0003:00007628       $SG20744                   000000018003c628     SCARA_Control_System_cgxe_registry.obj
 0003:00007630       $SG12161                   000000018003c630     ccd_polytope.obj
 0003:00007634       $SG12209                   000000018003c634     ccd_polytope.obj
 0003:00007640       $SG12210                   000000018003c640     ccd_polytope.obj
 0003:00007650       $SG12211                   000000018003c650     ccd_polytope.obj
 0003:00007660       $SG12212                   000000018003c660     ccd_polytope.obj
 0003:00007668       $SG12213                   000000018003c668     ccd_polytope.obj
 0003:00007670       $SG12214                   000000018003c670     ccd_polytope.obj
 0003:00007678       $SG12217                   000000018003c678     ccd_polytope.obj
 0003:000076b0       points_on_sphere           000000018003c6b0     ccd_vec3.obj
 0003:00007bb0       $SG20271                   000000018003cbb0     m_nM5NMYJUCkhQa81HtyaWRC.obj
 0003:00007bb1       $SG20272                   000000018003cbb1     m_nM5NMYJUCkhQa81HtyaWRC.obj
 0003:00007bb2       $SG20274                   000000018003cbb2     m_nM5NMYJUCkhQa81HtyaWRC.obj
 0003:00007bb3       $SG20275                   000000018003cbb3     m_nM5NMYJUCkhQa81HtyaWRC.obj
 0003:00007bb4       $SG20328                   000000018003cbb4     m_nM5NMYJUCkhQa81HtyaWRC.obj
 0003:00007bb5       $SG20329                   000000018003cbb5     m_nM5NMYJUCkhQa81HtyaWRC.obj
 0003:00007bb6       $SG20331                   000000018003cbb6     m_nM5NMYJUCkhQa81HtyaWRC.obj
 0003:00007bb7       $SG20332                   000000018003cbb7     m_nM5NMYJUCkhQa81HtyaWRC.obj
 0003:00007bb8       $SG20481                   000000018003cbb8     m_nM5NMYJUCkhQa81HtyaWRC.obj
 0003:00007bb9       $SG20497                   000000018003cbb9     m_nM5NMYJUCkhQa81HtyaWRC.obj
 0003:00007bba       $SG20504                   000000018003cbba     m_nM5NMYJUCkhQa81HtyaWRC.obj
 0003:00007bbb       $SG20511                   000000018003cbbb     m_nM5NMYJUCkhQa81HtyaWRC.obj
 0003:00007bbc       $SG20518                   000000018003cbbc     m_nM5NMYJUCkhQa81HtyaWRC.obj
 0003:00007bbd       $SG20540                   000000018003cbbd     m_nM5NMYJUCkhQa81HtyaWRC.obj
 0003:00007bbe       $SG20544                   000000018003cbbe     m_nM5NMYJUCkhQa81HtyaWRC.obj
 0003:00007bbf       $SG20548                   000000018003cbbf     m_nM5NMYJUCkhQa81HtyaWRC.obj
 0003:00007bc0       $SG20552                   000000018003cbc0     m_nM5NMYJUCkhQa81HtyaWRC.obj
 0003:00007bc1       $SG20559                   000000018003cbc1     m_nM5NMYJUCkhQa81HtyaWRC.obj
 0003:00007bc2       $SG20563                   000000018003cbc2     m_nM5NMYJUCkhQa81HtyaWRC.obj
 0003:00007bc3       $SG20573                   000000018003cbc3     m_nM5NMYJUCkhQa81HtyaWRC.obj
 0003:00007bc4       $SG20577                   000000018003cbc4     m_nM5NMYJUCkhQa81HtyaWRC.obj
 0003:00007bc5       $SG20584                   000000018003cbc5     m_nM5NMYJUCkhQa81HtyaWRC.obj
 0003:00007bc6       $SG20594                   000000018003cbc6     m_nM5NMYJUCkhQa81HtyaWRC.obj
 0003:00007bc7       $SG20598                   000000018003cbc7     m_nM5NMYJUCkhQa81HtyaWRC.obj
 0003:00007bc8       $SG20602                   000000018003cbc8     m_nM5NMYJUCkhQa81HtyaWRC.obj
 0003:00007bc9       $SG20609                   000000018003cbc9     m_nM5NMYJUCkhQa81HtyaWRC.obj
 0003:00007bca       $SG20613                   000000018003cbca     m_nM5NMYJUCkhQa81HtyaWRC.obj
 0003:00007bcb       $SG20620                   000000018003cbcb     m_nM5NMYJUCkhQa81HtyaWRC.obj
 0003:00007bcc       $SG20624                   000000018003cbcc     m_nM5NMYJUCkhQa81HtyaWRC.obj
 0003:00007bcd       $SG23104                   000000018003cbcd     m_nM5NMYJUCkhQa81HtyaWRC.obj
 0003:00007bce       $SG23105                   000000018003cbce     m_nM5NMYJUCkhQa81HtyaWRC.obj
 0003:00007bcf       $SG23106                   000000018003cbcf     m_nM5NMYJUCkhQa81HtyaWRC.obj
 0003:00007bd0       $SG23107                   000000018003cbd0     m_nM5NMYJUCkhQa81HtyaWRC.obj
 0003:00007bd4       $SG20215                   000000018003cbd4     SCARA_Control_System_cgxe_registry.obj
 0003:00007bd6       ?warningGuard@?1??ssGetRootSS@@9@9 000000018003cbd6     SCARA_Control_System_cgxe_registry.obj
 0003:00007bd7       ?warningGuard@?1??ssGetParentSS@@9@9 000000018003cbd7     SCARA_Control_System_cgxe_registry.obj
 0003:00007bd8       __ccd_vec3_origin          000000018003cbd8     ccd_vec3.obj
 0003:00007bf0       GS_ExceptionRecord         000000018003cbf0     MSVCRT:gs_report.obj
 0003:00007c90       GS_ContextRecord           000000018003cc90     MSVCRT:gs_report.obj
 0003:00008160       ?__proc_attached@@3HA      000000018003d160     MSVCRT:dll_dllmain.obj
 0003:000081a0       ?is_initialized_as_dll@@3_NA 000000018003d1a0     MSVCRT:utility.obj
 0003:000081a1       ?module_local_atexit_table_initialized@@3_NA 000000018003d1a1     MSVCRT:utility.obj
 0003:000081a8       ?module_local_atexit_table@@3U_onexit_table_t@@A 000000018003d1a8     MSVCRT:utility.obj
 0003:000081c0       ?module_local_at_quick_exit_table@@3U_onexit_table_t@@A 000000018003d1c0     MSVCRT:utility.obj
